Archive member included to satisfy reference by file (symbol)

c:/program files/microchip/xc32/v4.45/bin/bin/../../lib/gcc/pic32c/8.3.1/../../../../pic32c/lib/thumb/v8-m.base/nofp\libpic32c.a(data_init.o)
                              C:\Users\chris\AppData\Local\Temp\ccaYgSzs.o (__pic32c_data_initialization)
c:/program files/microchip/xc32/v4.45/bin/bin/../../lib/gcc/pic32c/8.3.1/../../../../pic32c/lib/thumb/v8-m.base/nofp\libc-size-musl.a(memset.o)
                              build/default/production/platform/usart.o (memset)
c:/program files/microchip/xc32/v4.45/bin/bin/../../lib/gcc/pic32c/8.3.1/../../../../pic32c/lib/thumb/v8-m.base/nofp\libc-size-musl.a(strlen.o)
                              build/default/production/main.o (strlen)
c:/program files/microchip/xc32/v4.45/bin/bin/../../lib/gcc/pic32c/8.3.1/../../../../pic32c/lib/thumb/v8-m.base/nofp\libc-musl.a(__libc_start_main.o)
                              C:\Users\chris\AppData\Local\Temp\ccaYgSzs.o (__libc_init_array)
c:/program files/microchip/xc32/v4.45/bin/bin/../../lib/gcc/pic32c/8.3.1/../../../../pic32c/lib/thumb/v8-m.base/nofp\libc-musl.a(libc.o)
                              c:/program files/microchip/xc32/v4.45/bin/bin/../../lib/gcc/pic32c/8.3.1/../../../../pic32c/lib/thumb/v8-m.base/nofp\libc-musl.a(__libc_start_main.o) (__progname_full)
c:/program files/microchip/xc32/v4.45/bin/bin/../../lib/gcc/pic32c/8.3.1/../../../../pic32c/lib/thumb/v8-m.base/nofp\libc-musl.a(__sio_snprintf_npxX.o)
                              (_snprintf_npxX)
c:/program files/microchip/xc32/v4.45/bin/bin/../../lib/gcc/pic32c/8.3.1/../../../../pic32c/lib/thumb/v8-m.base/nofp\libc-musl.a(__fmt_x.o)
                              c:/program files/microchip/xc32/v4.45/bin/bin/../../lib/gcc/pic32c/8.3.1/../../../../pic32c/lib/thumb/v8-m.base/nofp\libc-musl.a(__sio_snprintf_npxX.o) (__fmt_x_needed)
c:/program files/microchip/xc32/v4.45/bin/bin/../../lib/gcc/pic32c/8.3.1/../../../../pic32c/lib/thumb/v8-m.base/nofp\libc-musl.a(__pop_int.o)
                              c:/program files/microchip/xc32/v4.45/bin/bin/../../lib/gcc/pic32c/8.3.1/../../../../pic32c/lib/thumb/v8-m.base/nofp\libc-musl.a(__sio_snprintf_npxX.o) (__pop_int_needed)
c:/program files/microchip/xc32/v4.45/bin/bin/../../lib/gcc/pic32c/8.3.1/../../../../pic32c/lib/thumb/v8-m.base/nofp\libc-musl.a(__pop_ptr.o)
                              c:/program files/microchip/xc32/v4.45/bin/bin/../../lib/gcc/pic32c/8.3.1/../../../../pic32c/lib/thumb/v8-m.base/nofp\libc-musl.a(__sio_snprintf_npxX.o) (__pop_ptr_needed)
c:/program files/microchip/xc32/v4.45/bin/bin/../../lib/gcc/pic32c/8.3.1/../../../../pic32c/lib/thumb/v8-m.base/nofp\libc-musl.a(__printf_core.o)
                              c:/program files/microchip/xc32/v4.45/bin/bin/../../lib/gcc/pic32c/8.3.1/../../../../pic32c/lib/thumb/v8-m.base/nofp\libc-musl.a(__fmt_x.o) (__pad)
c:/program files/microchip/xc32/v4.45/bin/bin/../../lib/gcc/pic32c/8.3.1/../../../../pic32c/lib/thumb/v8-m.base/nofp\libc-musl.a(atoi.o)
                              c:/program files/microchip/xc32/v4.45/bin/bin/../../lib/gcc/pic32c/8.3.1/../../../../pic32c/lib/thumb/v8-m.base/nofp\libc-musl.a(__printf_core.o) (atoi)
c:/program files/microchip/xc32/v4.45/bin/bin/../../lib/gcc/pic32c/8.3.1/../../../../pic32c/lib/thumb/v8-m.base/nofp\libc-musl.a(tolower.o)
                              c:/program files/microchip/xc32/v4.45/bin/bin/../../lib/gcc/pic32c/8.3.1/../../../../pic32c/lib/thumb/v8-m.base/nofp\libc-musl.a(__printf_core.o) (tolower)
c:/program files/microchip/xc32/v4.45/bin/bin/../../lib/gcc/pic32c/8.3.1/../../../../pic32c/lib/thumb/v8-m.base/nofp\libc-musl.a(toupper.o)
                              c:/program files/microchip/xc32/v4.45/bin/bin/../../lib/gcc/pic32c/8.3.1/../../../../pic32c/lib/thumb/v8-m.base/nofp\libc-musl.a(__fmt_x.o) (toupper)
c:/program files/microchip/xc32/v4.45/bin/bin/../../lib/gcc/pic32c/8.3.1/../../../../pic32c/lib/thumb/v8-m.base/nofp\libc-musl.a(__environ.o)
                              c:/program files/microchip/xc32/v4.45/bin/bin/../../lib/gcc/pic32c/8.3.1/../../../../pic32c/lib/thumb/v8-m.base/nofp\libc-musl.a(__libc_start_main.o) (__environ)
c:/program files/microchip/xc32/v4.45/bin/bin/../../lib/gcc/pic32c/8.3.1/../../../../pic32c/lib/thumb/v8-m.base/nofp\libc-musl.a(__errno_location.o)
                              c:/program files/microchip/xc32/v4.45/bin/bin/../../lib/gcc/pic32c/8.3.1/../../../../pic32c/lib/thumb/v8-m.base/nofp\libc-musl.a(__printf_core.o) (__errno_val)
c:/program files/microchip/xc32/v4.45/bin/bin/../../lib/gcc/pic32c/8.3.1/../../../../pic32c/lib/thumb/v8-m.base/nofp\libc-musl.a(__int_vsnprintf.o)
                              c:/program files/microchip/xc32/v4.45/bin/bin/../../lib/gcc/pic32c/8.3.1/../../../../pic32c/lib/thumb/v8-m.base/nofp\libc-musl.a(__sio_snprintf_npxX.o) (__vsnprintf)
[...]
Memory Configuration

Name             Origin             Length             Attributes
rom              0x0000000000000000 0x0000000000040000 xrl
rom_nsc          0x0000000000040000 0x0000000000000000 xrl
ram              0x0000000020000000 0x0000000000008000 xw !r
config_00804000  0x0000000000804000 0x0000000000000004
config_00804004  0x0000000000804004 0x0000000000000004
config_00804008  0x0000000000804008 0x0000000000000004
config_0080400C  0x000000000080400c 0x0000000000000004
config_00804010  0x0000000000804010 0x0000000000000004
config_00804014  0x0000000000804014 0x0000000000000004
config_00804018  0x0000000000804018 0x0000000000000004
config_0080401C  0x000000000080401c 0x0000000000000004
config_00804020  0x0000000000804020 0x0000000000000004
*default*        0x0000000000000000 0xffffffffffffffff

Linker script and memory map

LOAD c:/program files/microchip/xc32/v4.45/bin/bin/../../lib/gcc/pic32c/8.3.1/thumb/v8-m.base/nofp/crti.o
LOAD c:/program files/microchip/xc32/v4.45/bin/bin/../../lib/gcc/pic32c/8.3.1/thumb/v8-m.base/nofp/crtbegin.o
LOAD build/default/production/platform/gpio.o
LOAD build/default/production/platform/systick.o
LOAD build/default/production/platform/usart.o
LOAD build/default/production/main.o
                0x0000000000000001                __MPLAB_BUILD = 0x1
LOAD C:\Users\chris\AppData\Local\Temp\ccaYgSzs.o
START GROUP
LOAD c:/program files/microchip/xc32/v4.45/bin/bin/../../lib/gcc/pic32c/8.3.1/../../../../pic32c/lib/thumb/v8-m.base/nofp\libpic32c.a
LOAD c:/program files/microchip/xc32/v4.45/bin/bin/../../lib/gcc/pic32c/8.3.1/../../../../pic32c/lib/thumb/v8-m.base/nofp\libc-size-musl.a
LOAD c:/program files/microchip/xc32/v4.45/bin/bin/../../lib/gcc/pic32c/8.3.1/../../../../pic32c/lib/thumb/v8-m.base/nofp\liblmalloc-musl.a
LOAD c:/program files/microchip/xc32/v4.45/bin/bin/../../lib/gcc/pic32c/8.3.1/../../../../pic32c/lib/thumb/v8-m.base/nofp\libm-fast-emfloat.a
LOAD c:/program files/microchip/xc32/v4.45/bin/bin/../../lib/gcc/pic32c/8.3.1/../../../../pic32c/lib/thumb/v8-m.base/nofp\libm-musl.a
LOAD c:/program files/microchip/xc32/v4.45/bin/bin/../../lib/gcc/pic32c/8.3.1/../../../../pic32c/lib/thumb/v8-m.base/nofp\libc-musl.a
LOAD c:/program files/microchip/xc32/v4.45/bin/bin/../../lib/gcc/pic32c/8.3.1/../../../../pic32c/lib/thumb/v8-m.base/nofp\libm-fast-emfloat.a
LOAD c:/program files/microchip/xc32/v4.45/bin/bin/../../lib/gcc/pic32c/8.3.1/../../../../pic32c/lib/thumb/v8-m.base/nofp\libm-musl.a
LOAD c:/program files/microchip/xc32/v4.45/bin/bin/../../lib/gcc/pic32c/8.3.1/thumb/v8-m.base/nofp\libgcc.a
END GROUP
LOAD c:/program files/microchip/xc32/v4.45/bin/bin/../../lib/gcc/pic32c/8.3.1/thumb/v8-m.base/nofp/crtend.o
LOAD c:/program files/microchip/xc32/v4.45/bin/bin/../../lib/gcc/pic32c/8.3.1/thumb/v8-m.base/nofp/crtn.o
                0x0000000000040000                __rom_end = (ORIGIN (rom) + LENGTH (rom))
                0x0000000000040000                __rom_nsc_end = (ORIGIN (rom_nsc) + LENGTH (rom_nsc))
                0x0000000020008000                __ram_end = (ORIGIN (ram) + LENGTH (ram))

.config_00804000
 *(.config_00804000)

.config_00804004
 *(.config_00804004)

.config_00804008
 *(.config_00804008)

.config_0080400C
 *(.config_0080400C)

.config_00804010
 *(.config_00804010)

.config_00804014
 *(.config_00804014)

.config_00804018
 *(.config_00804018)

.config_0080401C
 *(.config_0080401C)

.config_00804020
 *(.config_00804020)

.vectors        0x0000000000000000      0x15c
                0x0000000000000000                . = ALIGN (0x4)
                0x0000000000000000                _sfixed = .
 *(.vectors .vectors.* .vectors_default .vectors_default.*)
 .vectors.default
                0x0000000000000000      0x15c C:\Users\chris\AppData\Local\Temp\ccaYgSzs.o
                0x0000000000000000                exception_table
 *(.isr_vector)
 *(.reset*)
 *(.after_vectors)

.text           0x000000000000015c       0x20
                0x000000000000015c                . = ALIGN (0x4)
 *(.glue_7t)
 .glue_7t       0x000000000000015c        0x0 linker stubs
 *(.glue_7)
 .glue_7        0x000000000000015c        0x0 linker stubs
 *veneer.o(.text.*)
 *nonsecure_entry.o(.text.*)
 *(.gnu.linkonce.r.*)
 *(.ARM.extab* .gnu.linkonce.armextab.*)
                0x000000000000015c                . = ALIGN (0x4)
 *(.init)
 .init          0x000000000000015c        0x4 c:/program files/microchip/xc32/v4.45/bin/bin/../../lib/gcc/pic32c/8.3.1/thumb/v8-m.base/nofp/crti.o
                0x000000000000015c                _init
 .init          0x0000000000000160        0x8 c:/program files/microchip/xc32/v4.45/bin/bin/../../lib/gcc/pic32c/8.3.1/thumb/v8-m.base/nofp/crtn.o
                0x0000000000000168                . = ALIGN (0x4)
                0x0000000000000168                __preinit_array_start = .
 *(.preinit_array)
                0x0000000000000168                __preinit_array_end = .
                0x0000000000000168                . = ALIGN (0x4)
                0x0000000000000168                __init_array_start = .
 *(SORT_BY_NAME(.init_array.*))
 *(.init_array)
 .init_array    0x0000000000000168        0x4 c:/program files/microchip/xc32/v4.45/bin/bin/../../lib/gcc/pic32c/8.3.1/thumb/v8-m.base/nofp/crtbegin.o
                0x000000000000016c                __init_array_end = .
                0x000000000000016c                . = ALIGN (0x4)
 *crtbegin.o(.ctors)
 *(EXCLUDE_FILE(*crtend.o) .ctors)
 *(SORT_BY_NAME(.ctors.*))
 *crtend.o(.ctors)
                0x000000000000016c                . = ALIGN (0x4)
 *(.fini)
 .fini          0x000000000000016c        0x4 c:/program files/microchip/xc32/v4.45/bin/bin/../../lib/gcc/pic32c/8.3.1/thumb/v8-m.base/nofp/crti.o
                0x000000000000016c                _fini
 .fini          0x0000000000000170        0x8 c:/program files/microchip/xc32/v4.45/bin/bin/../../lib/gcc/pic32c/8.3.1/thumb/v8-m.base/nofp/crtn.o
                0x0000000000000178                . = ALIGN (0x4)
                0x0000000000000178                __fini_array_start = .
 *(.fini_array)
 .fini_array    0x0000000000000178        0x4 c:/program files/microchip/xc32/v4.45/bin/bin/../../lib/gcc/pic32c/8.3.1/thumb/v8-m.base/nofp/crtbegin.o
 *(SORT_BY_NAME(.fini_array.*))
                0x000000000000017c                __fini_array_end = .
 *crtbegin.o(.dtors)
 *(EXCLUDE_FILE(*crtend.o) .dtors)
 *(SORT_BY_NAME(.dtors.*))
 *crtend.o(.dtors)
                0x000000000000017c                . = ALIGN (0x4)
                0x000000000000017c                _efixed = .
                [!provide]                        PROVIDE (__exidx_start = .)

.ARM.exidx
 *(.ARM.exidx* .gnu.linkonce.armexidx.*)
                [!provide]                        PROVIDE (__exidx_end = .)
                0x000000000000017c                . = ALIGN (0x4)
                0x000000000000017c                _etext = .
                0x000000000000017c                . = ALIGN (0x4)

.gnu.sgstubs    0x0000000000040000        0x0
                0x0000000000040000                _ssgstubs = .

.bss            0x0000000020000000        0x0
                0x0000000020000000                . = ALIGN (0x4)
                0x0000000020000000                __bss_start__ = .
                0x0000000020000000                _sbss = .
                0x0000000020000000                _szero = .
 *(COMMON)
                0x0000000020000000                . = ALIGN (0x4)
                0x0000000020000000                __bss_end__ = .
                0x0000000020000000                _ebss = .
                0x0000000020000000                _ezero = .
                0x0000000020000000                . = ALIGN (0x4)
                0x0000000020000000                _end = .
                0x0000000020007fff                _ram_end_ = ((ORIGIN (ram) + LENGTH (ram)) - 0x1)
OUTPUT(dist/default/production/EEE158_Mod05_Exercise_Template.X.production.elf elf32-littlearm)
LOAD data_init
LOAD stack

.ARM.attributes
                0x0000000000000000       0x30
 .ARM.attributes
                0x0000000000000000       0x22 c:/program files/microchip/xc32/v4.45/bin/bin/../../lib/gcc/pic32c/8.3.1/thumb/v8-m.base/nofp/crti.o
 .ARM.attributes
                0x0000000000000022       0x30 c:/program files/microchip/xc32/v4.45/bin/bin/../../lib/gcc/pic32c/8.3.1/thumb/v8-m.base/nofp/crtbegin.o
 .ARM.attributes
                0x0000000000000052       0x30 build/default/production/platform/gpio.o
 .ARM.attributes
                0x0000000000000082       0x30 build/default/production/platform/systick.o
 .ARM.attributes
                0x00000000000000b2       0x30 build/default/production/platform/usart.o
 .ARM.attributes
                0x00000000000000e2       0x30 build/default/production/main.o
 .ARM.attributes
                0x0000000000000112       0x30 C:\Users\chris\AppData\Local\Temp\ccaYgSzs.o
 .ARM.attributes
                0x0000000000000142       0x30 c:/program files/microchip/xc32/v4.45/bin/bin/../../lib/gcc/pic32c/8.3.1/../../../../pic32c/lib/thumb/v8-m.base/nofp\libpic32c.a(data_init.o)
 .ARM.attributes
                0x0000000000000172       0x32 c:/program files/microchip/xc32/v4.45/bin/bin/../../lib/gcc/pic32c/8.3.1/../../../../pic32c/lib/thumb/v8-m.base/nofp\libc-size-musl.a(memset.o)
 .ARM.attributes
                0x00000000000001a4       0x32 c:/program files/microchip/xc32/v4.45/bin/bin/../../lib/gcc/pic32c/8.3.1/../../../../pic32c/lib/thumb/v8-m.base/nofp\libc-size-musl.a(strlen.o)
 .ARM.attributes
                0x00000000000001d6       0x32 c:/program files/microchip/xc32/v4.45/bin/bin/../../lib/gcc/pic32c/8.3.1/../../../../pic32c/lib/thumb/v8-m.base/nofp\libc-musl.a(__libc_start_main.o)
 .ARM.attributes
                0x0000000000000208       0x32 c:/program files/microchip/xc32/v4.45/bin/bin/../../lib/gcc/pic32c/8.3.1/../../../../pic32c/lib/thumb/v8-m.base/nofp\libc-musl.a(libc.o)
 .ARM.attributes
                0x000000000000023a       0x32 c:/program files/microchip/xc32/v4.45/bin/bin/../../lib/gcc/pic32c/8.3.1/../../../../pic32c/lib/thumb/v8-m.base/nofp\libc-musl.a(__sio_snprintf_npxX.o)
 .ARM.attributes
                0x000000000000026c       0x32 c:/program files/microchip/xc32/v4.45/bin/bin/../../lib/gcc/pic32c/8.3.1/../../../../pic32c/lib/thumb/v8-m.base/nofp\libc-musl.a(__fmt_x.o)
 .ARM.attributes
                0x000000000000029e       0x32 c:/program files/microchip/xc32/v4.45/bin/bin/../../lib/gcc/pic32c/8.3.1/../../../../pic32c/lib/thumb/v8-m.base/nofp\libc-musl.a(__pop_int.o)
 .ARM.attributes
                0x00000000000002d0       0x32 c:/program files/microchip/xc32/v4.45/bin/bin/../../lib/gcc/pic32c/8.3.1/../../../../pic32c/lib/thumb/v8-m.base/nofp\libc-musl.a(__pop_ptr.o)
 .ARM.attributes
                0x0000000000000302       0x32 c:/program files/microchip/xc32/v4.45/bin/bin/../../lib/gcc/pic32c/8.3.1/../../../../pic32c/lib/thumb/v8-m.base/nofp\libc-musl.a(__printf_core.o)
 .ARM.attributes
                0x0000000000000334       0x32 c:/program files/microchip/xc32/v4.45/bin/bin/../../lib/gcc/pic32c/8.3.1/../../../../pic32c/lib/thumb/v8-m.base/nofp\libc-musl.a(atoi.o)
 .ARM.attributes
                0x0000000000000366       0x32 c:/program files/microchip/xc32/v4.45/bin/bin/../../lib/gcc/pic32c/8.3.1/../../../../pic32c/lib/thumb/v8-m.base/nofp\libc-musl.a(tolower.o)
 .ARM.attributes
                0x0000000000000398       0x32 c:/program files/microchip/xc32/v4.45/bin/bin/../../lib/gcc/pic32c/8.3.1/../../../../pic32c/lib/thumb/v8-m.base/nofp\libc-musl.a(toupper.o)
 .ARM.attributes
                0x00000000000003ca       0x32 c:/program files/microchip/xc32/v4.45/bin/bin/../../lib/gcc/pic32c/8.3.1/../../../../pic32c/lib/thumb/v8-m.base/nofp\libc-musl.a(__environ.o)
 .ARM.attributes
                0x00000000000003fc       0x32 c:/program files/microchip/xc32/v4.45/bin/bin/../../lib/gcc/pic32c/8.3.1/../../../../pic32c/lib/thumb/v8-m.base/nofp\libc-musl.a(__errno_location.o)
 .ARM.attributes
                0x000000000000042e       0x32 c:/program files/microchip/xc32/v4.45/bin/bin/../../lib/gcc/pic32c/8.3.1/../../../../pic32c/lib/thumb/v8-m.base/nofp\libc-musl.a(__int_vsnprintf.o)
 .ARM.attributes
                0x0000000000000460       0x32 c:/program files/microchip/xc32/v4.45/bin/bin/../../lib/gcc/pic32c/8.3.1/../../../../pic32c/lib/thumb/v8-m.base/nofp\libc-musl.a(__pop_float.o)
 .ARM.attributes
                0x0000000000000492       0x32 c:/program files/microchip/xc32/v4.45/bin/bin/../../lib/gcc/pic32c/8.3.1/../../../../pic32c/lib/thumb/v8-m.base/nofp\libc-musl.a(__int_vfprintf.o)
 .ARM.attributes
                0x00000000000004c4       0x32 c:/program files/microchip/xc32/v4.45/bin/bin/../../lib/gcc/pic32c/8.3.1/../../../../pic32c/lib/thumb/v8-m.base/nofp\libc-size-musl.a(memcpy.o)
 .ARM.attributes
                0x00000000000004f6       0x30 c:/program files/microchip/xc32/v4.45/bin/bin/../../lib/gcc/pic32c/8.3.1/thumb/v8-m.base/nofp/crtend.o
 .ARM.attributes
                0x0000000000000526       0x22 c:/program files/microchip/xc32/v4.45/bin/bin/../../lib/gcc/pic32c/8.3.1/thumb/v8-m.base/nofp/crtn.o
 .ARM.attributes
                0x0000000000000548       0x30 c:/program files/microchip/xc32/v4.45/bin/bin/../../lib/gcc/pic32c/8.3.1/../../../../pic32c/lib/thumb/v8-m.base/nofp\libpic32c.a(pic32_data_init_clear.o)
 .ARM.attributes
                0x0000000000000578       0x30 c:/program files/microchip/xc32/v4.45/bin/bin/../../lib/gcc/pic32c/8.3.1/../../../../pic32c/lib/thumb/v8-m.base/nofp\libpic32c.a(pic32_data_init_copy.o)

.comment        0x0000000000000000       0x2b
 .comment       0x0000000000000000       0x2b c:/program files/microchip/xc32/v4.45/bin/bin/../../lib/gcc/pic32c/8.3.1/thumb/v8-m.base/nofp/crtbegin.o
                                         0x2c (size before relaxing)
 .comment       0x000000000000002b       0x2c build/default/production/platform/gpio.o
 .comment       0x000000000000002b       0x2c build/default/production/platform/systick.o
 .comment       0x000000000000002b       0x2c build/default/production/platform/usart.o
 .comment       0x000000000000002b       0x2c build/default/production/main.o
 .comment       0x000000000000002b       0x2c C:\Users\chris\AppData\Local\Temp\ccaYgSzs.o
 .comment       0x000000000000002b       0x2c c:/program files/microchip/xc32/v4.45/bin/bin/../../lib/gcc/pic32c/8.3.1/../../../../pic32c/lib/thumb/v8-m.base/nofp\libpic32c.a(data_init.o)
 .comment       0x000000000000002b       0x2c c:/program files/microchip/xc32/v4.45/bin/bin/../../lib/gcc/pic32c/8.3.1/../../../../pic32c/lib/thumb/v8-m.base/nofp\libc-size-musl.a(memset.o)
 .comment       0x000000000000002b       0x2c c:/program files/microchip/xc32/v4.45/bin/bin/../../lib/gcc/pic32c/8.3.1/../../../../pic32c/lib/thumb/v8-m.base/nofp\libc-size-musl.a(strlen.o)
 .comment       0x000000000000002b       0x2c c:/program files/microchip/xc32/v4.45/bin/bin/../../lib/gcc/pic32c/8.3.1/../../../../pic32c/lib/thumb/v8-m.base/nofp\libc-musl.a(__libc_start_main.o)
 .comment       0x000000000000002b       0x2c c:/program files/microchip/xc32/v4.45/bin/bin/../../lib/gcc/pic32c/8.3.1/../../../../pic32c/lib/thumb/v8-m.base/nofp\libc-musl.a(libc.o)
 .comment       0x000000000000002b       0x2c c:/program files/microchip/xc32/v4.45/bin/bin/../../lib/gcc/pic32c/8.3.1/../../../../pic32c/lib/thumb/v8-m.base/nofp\libc-musl.a(__sio_snprintf_npxX.o)
 .comment       0x000000000000002b       0x2c c:/program files/microchip/xc32/v4.45/bin/bin/../../lib/gcc/pic32c/8.3.1/../../../../pic32c/lib/thumb/v8-m.base/nofp\libc-musl.a(__fmt_x.o)
 .comment       0x000000000000002b       0x2c c:/program files/microchip/xc32/v4.45/bin/bin/../../lib/gcc/pic32c/8.3.1/../../../../pic32c/lib/thumb/v8-m.base/nofp\libc-musl.a(__pop_int.o)
 .comment       0x000000000000002b       0x2c c:/program files/microchip/xc32/v4.45/bin/bin/../../lib/gcc/pic32c/8.3.1/../../../../pic32c/lib/thumb/v8-m.base/nofp\libc-musl.a(__pop_ptr.o)
 .comment       0x000000000000002b       0x2c c:/program files/microchip/xc32/v4.45/bin/bin/../../lib/gcc/pic32c/8.3.1/../../../../pic32c/lib/thumb/v8-m.base/nofp\libc-musl.a(__printf_core.o)
 .comment       0x000000000000002b       0x2c c:/program files/microchip/xc32/v4.45/bin/bin/../../lib/gcc/pic32c/8.3.1/../../../../pic32c/lib/thumb/v8-m.base/nofp\libc-musl.a(atoi.o)
 .comment       0x000000000000002b       0x2c c:/program files/microchip/xc32/v4.45/bin/bin/../../lib/gcc/pic32c/8.3.1/../../../../pic32c/lib/thumb/v8-m.base/nofp\libc-musl.a(tolower.o)
 .comment       0x000000000000002b       0x2c c:/program files/microchip/xc32/v4.45/bin/bin/../../lib/gcc/pic32c/8.3.1/../../../../pic32c/lib/thumb/v8-m.base/nofp\libc-musl.a(toupper.o)
 .comment       0x000000000000002b       0x2c c:/program files/microchip/xc32/v4.45/bin/bin/../../lib/gcc/pic32c/8.3.1/../../../../pic32c/lib/thumb/v8-m.base/nofp\libc-musl.a(__environ.o)
 .comment       0x000000000000002b       0x2c c:/program files/microchip/xc32/v4.45/bin/bin/../../lib/gcc/pic32c/8.3.1/../../../../pic32c/lib/thumb/v8-m.base/nofp\libc-musl.a(__errno_location.o)
 .comment       0x000000000000002b       0x2c c:/program files/microchip/xc32/v4.45/bin/bin/../../lib/gcc/pic32c/8.3.1/../../../../pic32c/lib/thumb/v8-m.base/nofp\libc-musl.a(__int_vsnprintf.o)
 .comment       0x000000000000002b       0x2c c:/program files/microchip/xc32/v4.45/bin/bin/../../lib/gcc/pic32c/8.3.1/../../../../pic32c/lib/thumb/v8-m.base/nofp\libc-musl.a(__pop_float.o)
 .comment       0x000000000000002b       0x2c c:/program files/microchip/xc32/v4.45/bin/bin/../../lib/gcc/pic32c/8.3.1/../../../../pic32c/lib/thumb/v8-m.base/nofp\libc-musl.a(__int_vfprintf.o)
 .comment       0x000000000000002b       0x2c c:/program files/microchip/xc32/v4.45/bin/bin/../../lib/gcc/pic32c/8.3.1/../../../../pic32c/lib/thumb/v8-m.base/nofp\libc-size-musl.a(memcpy.o)
 .comment       0x000000000000002b       0x2c c:/program files/microchip/xc32/v4.45/bin/bin/../../lib/gcc/pic32c/8.3.1/thumb/v8-m.base/nofp/crtend.o
 .comment       0x000000000000002b       0x2c c:/program files/microchip/xc32/v4.45/bin/bin/../../lib/gcc/pic32c/8.3.1/../../../../pic32c/lib/thumb/v8-m.base/nofp\libpic32c.a(pic32_data_init_clear.o)
 .comment       0x000000000000002b       0x2c c:/program files/microchip/xc32/v4.45/bin/bin/../../lib/gcc/pic32c/8.3.1/../../../../pic32c/lib/thumb/v8-m.base/nofp\libpic32c.a(pic32_data_init_copy.o)

.debug_info     0x0000000000000000     0x5c1b
 .debug_info    0x0000000000000000     0x1963 build/default/production/platform/gpio.o
 .debug_info    0x0000000000001963      0x2ee build/default/production/platform/systick.o
 .debug_info    0x0000000000001c51     0x1438 build/default/production/platform/usart.o
 .debug_info    0x0000000000003089      0x6bc build/default/production/main.o
 .debug_info    0x0000000000003745       0x54 c:/program files/microchip/xc32/v4.45/bin/bin/../../lib/gcc/pic32c/8.3.1/../../../../pic32c/lib/thumb/v8-m.base/nofp\libpic32c.a(data_init.o)
 .debug_info    0x0000000000003799       0xbb c:/program files/microchip/xc32/v4.45/bin/bin/../../lib/gcc/pic32c/8.3.1/../../../../pic32c/lib/thumb/v8-m.base/nofp\libc-size-musl.a(memset.o)
 .debug_info    0x0000000000003854       0xa4 c:/program files/microchip/xc32/v4.45/bin/bin/../../lib/gcc/pic32c/8.3.1/../../../../pic32c/lib/thumb/v8-m.base/nofp\libc-size-musl.a(strlen.o)
 .debug_info    0x00000000000038f8      0x2fb c:/program files/microchip/xc32/v4.45/bin/bin/../../lib/gcc/pic32c/8.3.1/../../../../pic32c/lib/thumb/v8-m.base/nofp\libc-musl.a(__libc_start_main.o)
 .debug_info    0x0000000000003bf3      0x276 c:/program files/microchip/xc32/v4.45/bin/bin/../../lib/gcc/pic32c/8.3.1/../../../../pic32c/lib/thumb/v8-m.base/nofp\libc-musl.a(libc.o)
 .debug_info    0x0000000000003e69      0x1cc c:/program files/microchip/xc32/v4.45/bin/bin/../../lib/gcc/pic32c/8.3.1/../../../../pic32c/lib/thumb/v8-m.base/nofp\libc-musl.a(__sio_snprintf_npxX.o)
 .debug_info    0x0000000000004035      0x335 c:/program files/microchip/xc32/v4.45/bin/bin/../../lib/gcc/pic32c/8.3.1/../../../../pic32c/lib/thumb/v8-m.base/nofp\libc-musl.a(__fmt_x.o)
 .debug_info    0x000000000000436a      0x183 c:/program files/microchip/xc32/v4.45/bin/bin/../../lib/gcc/pic32c/8.3.1/../../../../pic32c/lib/thumb/v8-m.base/nofp\libc-musl.a(__pop_int.o)
 .debug_info    0x00000000000044ed      0x18d c:/program files/microchip/xc32/v4.45/bin/bin/../../lib/gcc/pic32c/8.3.1/../../../../pic32c/lib/thumb/v8-m.base/nofp\libc-musl.a(__pop_ptr.o)
 .debug_info    0x000000000000467a      0xa72 c:/program files/microchip/xc32/v4.45/bin/bin/../../lib/gcc/pic32c/8.3.1/../../../../pic32c/lib/thumb/v8-m.base/nofp\libc-musl.a(__printf_core.o)
 .debug_info    0x00000000000050ec       0xf4 c:/program files/microchip/xc32/v4.45/bin/bin/../../lib/gcc/pic32c/8.3.1/../../../../pic32c/lib/thumb/v8-m.base/nofp\libc-musl.a(atoi.o)
 .debug_info    0x00000000000051e0      0x131 c:/program files/microchip/xc32/v4.45/bin/bin/../../lib/gcc/pic32c/8.3.1/../../../../pic32c/lib/thumb/v8-m.base/nofp\libc-musl.a(tolower.o)
 .debug_info    0x0000000000005311      0x131 c:/program files/microchip/xc32/v4.45/bin/bin/../../lib/gcc/pic32c/8.3.1/../../../../pic32c/lib/thumb/v8-m.base/nofp\libc-musl.a(toupper.o)
 .debug_info    0x0000000000005442       0x97 c:/program files/microchip/xc32/v4.45/bin/bin/../../lib/gcc/pic32c/8.3.1/../../../../pic32c/lib/thumb/v8-m.base/nofp\libc-musl.a(__environ.o)
 .debug_info    0x00000000000054d9       0x5b c:/program files/microchip/xc32/v4.45/bin/bin/../../lib/gcc/pic32c/8.3.1/../../../../pic32c/lib/thumb/v8-m.base/nofp\libc-musl.a(__errno_location.o)
 .debug_info    0x0000000000005534      0x21a c:/program files/microchip/xc32/v4.45/bin/bin/../../lib/gcc/pic32c/8.3.1/../../../../pic32c/lib/thumb/v8-m.base/nofp\libc-musl.a(__int_vsnprintf.o)
 .debug_info    0x000000000000574e      0x162 c:/program files/microchip/xc32/v4.45/bin/bin/../../lib/gcc/pic32c/8.3.1/../../../../pic32c/lib/thumb/v8-m.base/nofp\libc-musl.a(__pop_float.o)
 .debug_info    0x00000000000058b0      0x1ff c:/program files/microchip/xc32/v4.45/bin/bin/../../lib/gcc/pic32c/8.3.1/../../../../pic32c/lib/thumb/v8-m.base/nofp\libc-musl.a(__int_vfprintf.o)
 .debug_info    0x0000000000005aaf       0xed c:/program files/microchip/xc32/v4.45/bin/bin/../../lib/gcc/pic32c/8.3.1/../../../../pic32c/lib/thumb/v8-m.base/nofp\libc-size-musl.a(memcpy.o)
 .debug_info    0x0000000000005b9c       0x3f c:/program files/microchip/xc32/v4.45/bin/bin/../../lib/gcc/pic32c/8.3.1/../../../../pic32c/lib/thumb/v8-m.base/nofp\libpic32c.a(pic32_data_init_clear.o)
 .debug_info    0x0000000000005bdb       0x40 c:/program files/microchip/xc32/v4.45/bin/bin/../../lib/gcc/pic32c/8.3.1/../../../../pic32c/lib/thumb/v8-m.base/nofp\libpic32c.a(pic32_data_init_copy.o)

.debug_abbrev   0x0000000000000000     0x1beb
 .debug_abbrev  0x0000000000000000      0x2f3 build/default/production/platform/gpio.o
 .debug_abbrev  0x00000000000002f3      0x19c build/default/production/platform/systick.o
 .debug_abbrev  0x000000000000048f      0x2b4 build/default/production/platform/usart.o
 .debug_abbrev  0x0000000000000743      0x21e build/default/production/main.o
 .debug_abbrev  0x0000000000000961       0x44 c:/program files/microchip/xc32/v4.45/bin/bin/../../lib/gcc/pic32c/8.3.1/../../../../pic32c/lib/thumb/v8-m.base/nofp\libpic32c.a(data_init.o)
 .debug_abbrev  0x00000000000009a5       0xa2 c:/program files/microchip/xc32/v4.45/bin/bin/../../lib/gcc/pic32c/8.3.1/../../../../pic32c/lib/thumb/v8-m.base/nofp\libc-size-musl.a(memset.o)
 .debug_abbrev  0x0000000000000a47       0x91 c:/program files/microchip/xc32/v4.45/bin/bin/../../lib/gcc/pic32c/8.3.1/../../../../pic32c/lib/thumb/v8-m.base/nofp\libc-size-musl.a(strlen.o)
 .debug_abbrev  0x0000000000000ad8      0x133 c:/program files/microchip/xc32/v4.45/bin/bin/../../lib/gcc/pic32c/8.3.1/../../../../pic32c/lib/thumb/v8-m.base/nofp\libc-musl.a(__libc_start_main.o)
 .debug_abbrev  0x0000000000000c0b       0xd4 c:/program files/microchip/xc32/v4.45/bin/bin/../../lib/gcc/pic32c/8.3.1/../../../../pic32c/lib/thumb/v8-m.base/nofp\libc-musl.a(libc.o)
 .debug_abbrev  0x0000000000000cdf      0x12b c:/program files/microchip/xc32/v4.45/bin/bin/../../lib/gcc/pic32c/8.3.1/../../../../pic32c/lib/thumb/v8-m.base/nofp\libc-musl.a(__sio_snprintf_npxX.o)
 .debug_abbrev  0x0000000000000e0a      0x150 c:/program files/microchip/xc32/v4.45/bin/bin/../../lib/gcc/pic32c/8.3.1/../../../../pic32c/lib/thumb/v8-m.base/nofp\libc-musl.a(__fmt_x.o)
 .debug_abbrev  0x0000000000000f5a       0xdc c:/program files/microchip/xc32/v4.45/bin/bin/../../lib/gcc/pic32c/8.3.1/../../../../pic32c/lib/thumb/v8-m.base/nofp\libc-musl.a(__pop_int.o)
 .debug_abbrev  0x0000000000001036       0xdc c:/program files/microchip/xc32/v4.45/bin/bin/../../lib/gcc/pic32c/8.3.1/../../../../pic32c/lib/thumb/v8-m.base/nofp\libc-musl.a(__pop_ptr.o)
 .debug_abbrev  0x0000000000001112      0x317 c:/program files/microchip/xc32/v4.45/bin/bin/../../lib/gcc/pic32c/8.3.1/../../../../pic32c/lib/thumb/v8-m.base/nofp\libc-musl.a(__printf_core.o)
 .debug_abbrev  0x0000000000001429       0xc6 c:/program files/microchip/xc32/v4.45/bin/bin/../../lib/gcc/pic32c/8.3.1/../../../../pic32c/lib/thumb/v8-m.base/nofp\libc-musl.a(atoi.o)
 .debug_abbrev  0x00000000000014ef       0xf4 c:/program files/microchip/xc32/v4.45/bin/bin/../../lib/gcc/pic32c/8.3.1/../../../../pic32c/lib/thumb/v8-m.base/nofp\libc-musl.a(tolower.o)
 .debug_abbrev  0x00000000000015e3       0xf4 c:/program files/microchip/xc32/v4.45/bin/bin/../../lib/gcc/pic32c/8.3.1/../../../../pic32c/lib/thumb/v8-m.base/nofp\libc-musl.a(toupper.o)
 .debug_abbrev  0x00000000000016d7       0x62 c:/program files/microchip/xc32/v4.45/bin/bin/../../lib/gcc/pic32c/8.3.1/../../../../pic32c/lib/thumb/v8-m.base/nofp\libc-musl.a(__environ.o)
 .debug_abbrev  0x0000000000001739       0x39 c:/program files/microchip/xc32/v4.45/bin/bin/../../lib/gcc/pic32c/8.3.1/../../../../pic32c/lib/thumb/v8-m.base/nofp\libc-musl.a(__errno_location.o)
 .debug_abbrev  0x0000000000001772      0x154 c:/program files/microchip/xc32/v4.45/bin/bin/../../lib/gcc/pic32c/8.3.1/../../../../pic32c/lib/thumb/v8-m.base/nofp\libc-musl.a(__int_vsnprintf.o)
 .debug_abbrev  0x00000000000018c6       0xdc c:/program files/microchip/xc32/v4.45/bin/bin/../../lib/gcc/pic32c/8.3.1/../../../../pic32c/lib/thumb/v8-m.base/nofp\libc-musl.a(__pop_float.o)
 .debug_abbrev  0x00000000000019a2      0x132 c:/program files/microchip/xc32/v4.45/bin/bin/../../lib/gcc/pic32c/8.3.1/../../../../pic32c/lib/thumb/v8-m.base/nofp\libc-musl.a(__int_vfprintf.o)
 .debug_abbrev  0x0000000000001ad4       0xbb c:/program files/microchip/xc32/v4.45/bin/bin/../../lib/gcc/pic32c/8.3.1/../../../../pic32c/lib/thumb/v8-m.base/nofp\libc-size-musl.a(memcpy.o)
 .debug_abbrev  0x0000000000001b8f       0x2e c:/program files/microchip/xc32/v4.45/bin/bin/../../lib/gcc/pic32c/8.3.1/../../../../pic32c/lib/thumb/v8-m.base/nofp\libpic32c.a(pic32_data_init_clear.o)
 .debug_abbrev  0x0000000000001bbd       0x2e c:/program files/microchip/xc32/v4.45/bin/bin/../../lib/gcc/pic32c/8.3.1/../../../../pic32c/lib/thumb/v8-m.base/nofp\libpic32c.a(pic32_data_init_copy.o)

.debug_loc      0x0000000000000000     0x1ff2
 .debug_loc     0x0000000000000000      0x2fc build/default/production/platform/gpio.o
 .debug_loc     0x00000000000002fc      0x17c build/default/production/platform/systick.o
 .debug_loc     0x0000000000000478      0x30c build/default/production/platform/usart.o
 .debug_loc     0x0000000000000784       0xe2 build/default/production/main.o
 .debug_loc     0x0000000000000866       0x14 c:/program files/microchip/xc32/v4.45/bin/bin/../../lib/gcc/pic32c/8.3.1/../../../../pic32c/lib/thumb/v8-m.base/nofp\libpic32c.a(data_init.o)
 .debug_loc     0x000000000000087a       0xcd c:/program files/microchip/xc32/v4.45/bin/bin/../../lib/gcc/pic32c/8.3.1/../../../../pic32c/lib/thumb/v8-m.base/nofp\libc-size-musl.a(memset.o)
 .debug_loc     0x0000000000000947       0x81 c:/program files/microchip/xc32/v4.45/bin/bin/../../lib/gcc/pic32c/8.3.1/../../../../pic32c/lib/thumb/v8-m.base/nofp\libc-size-musl.a(strlen.o)
 .debug_loc     0x00000000000009c8       0x5e c:/program files/microchip/xc32/v4.45/bin/bin/../../lib/gcc/pic32c/8.3.1/../../../../pic32c/lib/thumb/v8-m.base/nofp\libc-musl.a(__libc_start_main.o)
 .debug_loc     0x0000000000000a26       0xab c:/program files/microchip/xc32/v4.45/bin/bin/../../lib/gcc/pic32c/8.3.1/../../../../pic32c/lib/thumb/v8-m.base/nofp\libc-musl.a(__sio_snprintf_npxX.o)
 .debug_loc     0x0000000000000ad1      0x3be c:/program files/microchip/xc32/v4.45/bin/bin/../../lib/gcc/pic32c/8.3.1/../../../../pic32c/lib/thumb/v8-m.base/nofp\libc-musl.a(__fmt_x.o)
 .debug_loc     0x0000000000000e8f      0x34c c:/program files/microchip/xc32/v4.45/bin/bin/../../lib/gcc/pic32c/8.3.1/../../../../pic32c/lib/thumb/v8-m.base/nofp\libc-musl.a(__pop_int.o)
 .debug_loc     0x00000000000011db      0x1fe c:/program files/microchip/xc32/v4.45/bin/bin/../../lib/gcc/pic32c/8.3.1/../../../../pic32c/lib/thumb/v8-m.base/nofp\libc-musl.a(__pop_ptr.o)
 .debug_loc     0x00000000000013d9      0x6bd c:/program files/microchip/xc32/v4.45/bin/bin/../../lib/gcc/pic32c/8.3.1/../../../../pic32c/lib/thumb/v8-m.base/nofp\libc-musl.a(__printf_core.o)
 .debug_loc     0x0000000000001a96       0xdc c:/program files/microchip/xc32/v4.45/bin/bin/../../lib/gcc/pic32c/8.3.1/../../../../pic32c/lib/thumb/v8-m.base/nofp\libc-musl.a(atoi.o)
 .debug_loc     0x0000000000001b72       0x8f c:/program files/microchip/xc32/v4.45/bin/bin/../../lib/gcc/pic32c/8.3.1/../../../../pic32c/lib/thumb/v8-m.base/nofp\libc-musl.a(tolower.o)
 .debug_loc     0x0000000000001c01       0x8f c:/program files/microchip/xc32/v4.45/bin/bin/../../lib/gcc/pic32c/8.3.1/../../../../pic32c/lib/thumb/v8-m.base/nofp\libc-musl.a(toupper.o)
 .debug_loc     0x0000000000001c90      0x102 c:/program files/microchip/xc32/v4.45/bin/bin/../../lib/gcc/pic32c/8.3.1/../../../../pic32c/lib/thumb/v8-m.base/nofp\libc-musl.a(__int_vsnprintf.o)
 .debug_loc     0x0000000000001d92       0x6f c:/program files/microchip/xc32/v4.45/bin/bin/../../lib/gcc/pic32c/8.3.1/../../../../pic32c/lib/thumb/v8-m.base/nofp\libc-musl.a(__pop_float.o)
 .debug_loc     0x0000000000001e01       0xb0 c:/program files/microchip/xc32/v4.45/bin/bin/../../lib/gcc/pic32c/8.3.1/../../../../pic32c/lib/thumb/v8-m.base/nofp\libc-musl.a(__int_vfprintf.o)
 .debug_loc     0x0000000000001eb1      0x12d c:/program files/microchip/xc32/v4.45/bin/bin/../../lib/gcc/pic32c/8.3.1/../../../../pic32c/lib/thumb/v8-m.base/nofp\libc-size-musl.a(memcpy.o)
 .debug_loc     0x0000000000001fde       0x14 c:/program files/microchip/xc32/v4.45/bin/bin/../../lib/gcc/pic32c/8.3.1/../../../../pic32c/lib/thumb/v8-m.base/nofp\libpic32c.a(pic32_data_init_copy.o)

.debug_aranges  0x0000000000000000      0x360
 .debug_aranges
                0x0000000000000000       0x20 build/default/production/platform/gpio.o
 .debug_aranges
                0x0000000000000020       0x20 build/default/production/platform/systick.o
 .debug_aranges
                0x0000000000000040       0x20 build/default/production/platform/usart.o
 .debug_aranges
                0x0000000000000060       0x20 build/default/production/main.o
 .debug_aranges
                0x0000000000000080       0x28 c:/program files/microchip/xc32/v4.45/bin/bin/../../lib/gcc/pic32c/8.3.1/../../../../pic32c/lib/thumb/v8-m.base/nofp\libpic32c.a(data_init.o)
 .debug_aranges
                0x00000000000000a8       0x20 c:/program files/microchip/xc32/v4.45/bin/bin/../../lib/gcc/pic32c/8.3.1/../../../../pic32c/lib/thumb/v8-m.base/nofp\libc-size-musl.a(memset.o)
 .debug_aranges
                0x00000000000000c8       0x20 c:/program files/microchip/xc32/v4.45/bin/bin/../../lib/gcc/pic32c/8.3.1/../../../../pic32c/lib/thumb/v8-m.base/nofp\libc-size-musl.a(strlen.o)
 .debug_aranges
                0x00000000000000e8       0x28 c:/program files/microchip/xc32/v4.45/bin/bin/../../lib/gcc/pic32c/8.3.1/../../../../pic32c/lib/thumb/v8-m.base/nofp\libc-musl.a(__libc_start_main.o)
 .debug_aranges
                0x0000000000000110       0x18 c:/program files/microchip/xc32/v4.45/bin/bin/../../lib/gcc/pic32c/8.3.1/../../../../pic32c/lib/thumb/v8-m.base/nofp\libc-musl.a(libc.o)
 .debug_aranges
                0x0000000000000128       0x28 c:/program files/microchip/xc32/v4.45/bin/bin/../../lib/gcc/pic32c/8.3.1/../../../../pic32c/lib/thumb/v8-m.base/nofp\libc-musl.a(__sio_snprintf_npxX.o)
 .debug_aranges
                0x0000000000000150       0x20 c:/program files/microchip/xc32/v4.45/bin/bin/../../lib/gcc/pic32c/8.3.1/../../../../pic32c/lib/thumb/v8-m.base/nofp\libc-musl.a(__fmt_x.o)
 .debug_aranges
                0x0000000000000170       0x20 c:/program files/microchip/xc32/v4.45/bin/bin/../../lib/gcc/pic32c/8.3.1/../../../../pic32c/lib/thumb/v8-m.base/nofp\libc-musl.a(__pop_int.o)
 .debug_aranges
                0x0000000000000190       0x20 c:/program files/microchip/xc32/v4.45/bin/bin/../../lib/gcc/pic32c/8.3.1/../../../../pic32c/lib/thumb/v8-m.base/nofp\libc-musl.a(__pop_ptr.o)
 .debug_aranges
                0x00000000000001b0       0x50 c:/program files/microchip/xc32/v4.45/bin/bin/../../lib/gcc/pic32c/8.3.1/../../../../pic32c/lib/thumb/v8-m.base/nofp\libc-musl.a(__printf_core.o)
 .debug_aranges
                0x0000000000000200       0x20 c:/program files/microchip/xc32/v4.45/bin/bin/../../lib/gcc/pic32c/8.3.1/../../../../pic32c/lib/thumb/v8-m.base/nofp\libc-musl.a(atoi.o)
 .debug_aranges
                0x0000000000000220       0x28 c:/program files/microchip/xc32/v4.45/bin/bin/../../lib/gcc/pic32c/8.3.1/../../../../pic32c/lib/thumb/v8-m.base/nofp\libc-musl.a(tolower.o)
 .debug_aranges
                0x0000000000000248       0x28 c:/program files/microchip/xc32/v4.45/bin/bin/../../lib/gcc/pic32c/8.3.1/../../../../pic32c/lib/thumb/v8-m.base/nofp\libc-musl.a(toupper.o)
 .debug_aranges
                0x0000000000000270       0x18 c:/program files/microchip/xc32/v4.45/bin/bin/../../lib/gcc/pic32c/8.3.1/../../../../pic32c/lib/thumb/v8-m.base/nofp\libc-musl.a(__environ.o)
 .debug_aranges
                0x0000000000000288       0x18 c:/program files/microchip/xc32/v4.45/bin/bin/../../lib/gcc/pic32c/8.3.1/../../../../pic32c/lib/thumb/v8-m.base/nofp\libc-musl.a(__errno_location.o)
 .debug_aranges
                0x00000000000002a0       0x20 c:/program files/microchip/xc32/v4.45/bin/bin/../../lib/gcc/pic32c/8.3.1/../../../../pic32c/lib/thumb/v8-m.base/nofp\libc-musl.a(__int_vsnprintf.o)
 .debug_aranges
                0x00000000000002c0       0x20 c:/program files/microchip/xc32/v4.45/bin/bin/../../lib/gcc/pic32c/8.3.1/../../../../pic32c/lib/thumb/v8-m.base/nofp\libc-musl.a(__pop_float.o)
 .debug_aranges
                0x00000000000002e0       0x20 c:/program files/microchip/xc32/v4.45/bin/bin/../../lib/gcc/pic32c/8.3.1/../../../../pic32c/lib/thumb/v8-m.base/nofp\libc-musl.a(__int_vfprintf.o)
 .debug_aranges
                0x0000000000000300       0x20 c:/program files/microchip/xc32/v4.45/bin/bin/../../lib/gcc/pic32c/8.3.1/../../../../pic32c/lib/thumb/v8-m.base/nofp\libc-size-musl.a(memcpy.o)
 .debug_aranges
                0x0000000000000320       0x20 c:/program files/microchip/xc32/v4.45/bin/bin/../../lib/gcc/pic32c/8.3.1/../../../../pic32c/lib/thumb/v8-m.base/nofp\libpic32c.a(pic32_data_init_clear.o)
 .debug_aranges
                0x0000000000000340       0x20 c:/program files/microchip/xc32/v4.45/bin/bin/../../lib/gcc/pic32c/8.3.1/../../../../pic32c/lib/thumb/v8-m.base/nofp\libpic32c.a(pic32_data_init_copy.o)

.debug_line     0x0000000000000000     0x3028
 .debug_line    0x0000000000000000      0x5ed build/default/production/platform/gpio.o
 .debug_line    0x00000000000005ed      0x2d6 build/default/production/platform/systick.o
 .debug_line    0x00000000000008c3      0x412 build/default/production/platform/usart.o
 .debug_line    0x0000000000000cd5      0x311 build/default/production/main.o
 .debug_line    0x0000000000000fe6       0x8e c:/program files/microchip/xc32/v4.45/bin/bin/../../lib/gcc/pic32c/8.3.1/../../../../pic32c/lib/thumb/v8-m.base/nofp\libpic32c.a(data_init.o)
 .debug_line    0x0000000000001074       0xe3 c:/program files/microchip/xc32/v4.45/bin/bin/../../lib/gcc/pic32c/8.3.1/../../../../pic32c/lib/thumb/v8-m.base/nofp\libc-size-musl.a(memset.o)
 .debug_line    0x0000000000001157       0xee c:/program files/microchip/xc32/v4.45/bin/bin/../../lib/gcc/pic32c/8.3.1/../../../../pic32c/lib/thumb/v8-m.base/nofp\libc-size-musl.a(strlen.o)
 .debug_line    0x0000000000001245      0x1bf c:/program files/microchip/xc32/v4.45/bin/bin/../../lib/gcc/pic32c/8.3.1/../../../../pic32c/lib/thumb/v8-m.base/nofp\libc-musl.a(__libc_start_main.o)
 .debug_line    0x0000000000001404       0xb5 c:/program files/microchip/xc32/v4.45/bin/bin/../../lib/gcc/pic32c/8.3.1/../../../../pic32c/lib/thumb/v8-m.base/nofp\libc-musl.a(libc.o)
 .debug_line    0x00000000000014b9      0x1a4 c:/program files/microchip/xc32/v4.45/bin/bin/../../lib/gcc/pic32c/8.3.1/../../../../pic32c/lib/thumb/v8-m.base/nofp\libc-musl.a(__sio_snprintf_npxX.o)
 .debug_line    0x000000000000165d      0x2ec c:/program files/microchip/xc32/v4.45/bin/bin/../../lib/gcc/pic32c/8.3.1/../../../../pic32c/lib/thumb/v8-m.base/nofp\libc-musl.a(__fmt_x.o)
 .debug_line    0x0000000000001949      0x211 c:/program files/microchip/xc32/v4.45/bin/bin/../../lib/gcc/pic32c/8.3.1/../../../../pic32c/lib/thumb/v8-m.base/nofp\libc-musl.a(__pop_int.o)
 .debug_line    0x0000000000001b5a      0x1c8 c:/program files/microchip/xc32/v4.45/bin/bin/../../lib/gcc/pic32c/8.3.1/../../../../pic32c/lib/thumb/v8-m.base/nofp\libc-musl.a(__pop_ptr.o)
 .debug_line    0x0000000000001d22      0x6c5 c:/program files/microchip/xc32/v4.45/bin/bin/../../lib/gcc/pic32c/8.3.1/../../../../pic32c/lib/thumb/v8-m.base/nofp\libc-musl.a(__printf_core.o)
 .debug_line    0x00000000000023e7      0x173 c:/program files/microchip/xc32/v4.45/bin/bin/../../lib/gcc/pic32c/8.3.1/../../../../pic32c/lib/thumb/v8-m.base/nofp\libc-musl.a(atoi.o)
 .debug_line    0x000000000000255a      0x15c c:/program files/microchip/xc32/v4.45/bin/bin/../../lib/gcc/pic32c/8.3.1/../../../../pic32c/lib/thumb/v8-m.base/nofp\libc-musl.a(tolower.o)
 .debug_line    0x00000000000026b6      0x15c c:/program files/microchip/xc32/v4.45/bin/bin/../../lib/gcc/pic32c/8.3.1/../../../../pic32c/lib/thumb/v8-m.base/nofp\libc-musl.a(toupper.o)
 .debug_line    0x0000000000002812       0xfb c:/program files/microchip/xc32/v4.45/bin/bin/../../lib/gcc/pic32c/8.3.1/../../../../pic32c/lib/thumb/v8-m.base/nofp\libc-musl.a(__environ.o)
 .debug_line    0x000000000000290d       0x9a c:/program files/microchip/xc32/v4.45/bin/bin/../../lib/gcc/pic32c/8.3.1/../../../../pic32c/lib/thumb/v8-m.base/nofp\libc-musl.a(__errno_location.o)
 .debug_line    0x00000000000029a7      0x1c4 c:/program files/microchip/xc32/v4.45/bin/bin/../../lib/gcc/pic32c/8.3.1/../../../../pic32c/lib/thumb/v8-m.base/nofp\libc-musl.a(__int_vsnprintf.o)
 .debug_line    0x0000000000002b6b      0x166 c:/program files/microchip/xc32/v4.45/bin/bin/../../lib/gcc/pic32c/8.3.1/../../../../pic32c/lib/thumb/v8-m.base/nofp\libc-musl.a(__pop_float.o)
 .debug_line    0x0000000000002cd1      0x172 c:/program files/microchip/xc32/v4.45/bin/bin/../../lib/gcc/pic32c/8.3.1/../../../../pic32c/lib/thumb/v8-m.base/nofp\libc-musl.a(__int_vfprintf.o)
 .debug_line    0x0000000000002e43       0xee c:/program files/microchip/xc32/v4.45/bin/bin/../../lib/gcc/pic32c/8.3.1/../../../../pic32c/lib/thumb/v8-m.base/nofp\libc-size-musl.a(memcpy.o)
 .debug_line    0x0000000000002f31       0x6f c:/program files/microchip/xc32/v4.45/bin/bin/../../lib/gcc/pic32c/8.3.1/../../../../pic32c/lib/thumb/v8-m.base/nofp\libpic32c.a(pic32_data_init_clear.o)
 .debug_line    0x0000000000002fa0       0x88 c:/program files/microchip/xc32/v4.45/bin/bin/../../lib/gcc/pic32c/8.3.1/../../../../pic32c/lib/thumb/v8-m.base/nofp\libpic32c.a(pic32_data_init_copy.o)

.debug_str      0x0000000000000000     0x5cf0
 .debug_str     0x0000000000000000     0x1295 build/default/production/platform/gpio.o
 .debug_str     0x0000000000001295      0x3f0 build/default/production/platform/systick.o
 .debug_str     0x0000000000001685      0x969 build/default/production/platform/usart.o
 .debug_str     0x0000000000001fee      0x5f9 build/default/production/main.o
 .debug_str     0x00000000000025e7      0x1f8 c:/program files/microchip/xc32/v4.45/bin/bin/../../lib/gcc/pic32c/8.3.1/../../../../pic32c/lib/thumb/v8-m.base/nofp\libpic32c.a(data_init.o)
 .debug_str     0x00000000000027df      0x21e c:/program files/microchip/xc32/v4.45/bin/bin/../../lib/gcc/pic32c/8.3.1/../../../../pic32c/lib/thumb/v8-m.base/nofp\libc-size-musl.a(memset.o)
 .debug_str     0x00000000000029fd      0x224 c:/program files/microchip/xc32/v4.45/bin/bin/../../lib/gcc/pic32c/8.3.1/../../../../pic32c/lib/thumb/v8-m.base/nofp\libc-size-musl.a(strlen.o)
 .debug_str     0x0000000000002c21      0x3d7 c:/program files/microchip/xc32/v4.45/bin/bin/../../lib/gcc/pic32c/8.3.1/../../../../pic32c/lib/thumb/v8-m.base/nofp\libc-musl.a(__libc_start_main.o)
 .debug_str     0x0000000000002ff8      0x342 c:/program files/microchip/xc32/v4.45/bin/bin/../../lib/gcc/pic32c/8.3.1/../../../../pic32c/lib/thumb/v8-m.base/nofp\libc-musl.a(libc.o)
 .debug_str     0x000000000000333a      0x309 c:/program files/microchip/xc32/v4.45/bin/bin/../../lib/gcc/pic32c/8.3.1/../../../../pic32c/lib/thumb/v8-m.base/nofp\libc-musl.a(__sio_snprintf_npxX.o)
 .debug_str     0x0000000000003643      0x302 c:/program files/microchip/xc32/v4.45/bin/bin/../../lib/gcc/pic32c/8.3.1/../../../../pic32c/lib/thumb/v8-m.base/nofp\libc-musl.a(__fmt_x.o)
 .debug_str     0x0000000000003945      0x2d8 c:/program files/microchip/xc32/v4.45/bin/bin/../../lib/gcc/pic32c/8.3.1/../../../../pic32c/lib/thumb/v8-m.base/nofp\libc-musl.a(__pop_int.o)
 .debug_str     0x0000000000003c1d      0x2da c:/program files/microchip/xc32/v4.45/bin/bin/../../lib/gcc/pic32c/8.3.1/../../../../pic32c/lib/thumb/v8-m.base/nofp\libc-musl.a(__pop_ptr.o)
 .debug_str     0x0000000000003ef7      0x3f4 c:/program files/microchip/xc32/v4.45/bin/bin/../../lib/gcc/pic32c/8.3.1/../../../../pic32c/lib/thumb/v8-m.base/nofp\libc-musl.a(__printf_core.o)
 .debug_str     0x00000000000042eb      0x229 c:/program files/microchip/xc32/v4.45/bin/bin/../../lib/gcc/pic32c/8.3.1/../../../../pic32c/lib/thumb/v8-m.base/nofp\libc-musl.a(atoi.o)
 .debug_str     0x0000000000004514      0x256 c:/program files/microchip/xc32/v4.45/bin/bin/../../lib/gcc/pic32c/8.3.1/../../../../pic32c/lib/thumb/v8-m.base/nofp\libc-musl.a(tolower.o)
 .debug_str     0x000000000000476a      0x256 c:/program files/microchip/xc32/v4.45/bin/bin/../../lib/gcc/pic32c/8.3.1/../../../../pic32c/lib/thumb/v8-m.base/nofp\libc-musl.a(toupper.o)
 .debug_str     0x00000000000049c0      0x242 c:/program files/microchip/xc32/v4.45/bin/bin/../../lib/gcc/pic32c/8.3.1/../../../../pic32c/lib/thumb/v8-m.base/nofp\libc-musl.a(__environ.o)
 .debug_str     0x0000000000004c02      0x236 c:/program files/microchip/xc32/v4.45/bin/bin/../../lib/gcc/pic32c/8.3.1/../../../../pic32c/lib/thumb/v8-m.base/nofp\libc-musl.a(__errno_location.o)
 .debug_str     0x0000000000004e38      0x301 c:/program files/microchip/xc32/v4.45/bin/bin/../../lib/gcc/pic32c/8.3.1/../../../../pic32c/lib/thumb/v8-m.base/nofp\libc-musl.a(__int_vsnprintf.o)
 .debug_str     0x0000000000005139      0x2cd c:/program files/microchip/xc32/v4.45/bin/bin/../../lib/gcc/pic32c/8.3.1/../../../../pic32c/lib/thumb/v8-m.base/nofp\libc-musl.a(__pop_float.o)
 .debug_str     0x0000000000005406      0x2f6 c:/program files/microchip/xc32/v4.45/bin/bin/../../lib/gcc/pic32c/8.3.1/../../../../pic32c/lib/thumb/v8-m.base/nofp\libc-musl.a(__int_vfprintf.o)
 .debug_str     0x00000000000056fc      0x232 c:/program files/microchip/xc32/v4.45/bin/bin/../../lib/gcc/pic32c/8.3.1/../../../../pic32c/lib/thumb/v8-m.base/nofp\libc-size-musl.a(memcpy.o)
 .debug_str     0x000000000000592e      0x1e2 c:/program files/microchip/xc32/v4.45/bin/bin/../../lib/gcc/pic32c/8.3.1/../../../../pic32c/lib/thumb/v8-m.base/nofp\libpic32c.a(pic32_data_init_clear.o)
 .debug_str     0x0000000000005b10      0x1e0 c:/program files/microchip/xc32/v4.45/bin/bin/../../lib/gcc/pic32c/8.3.1/../../../../pic32c/lib/thumb/v8-m.base/nofp\libpic32c.a(pic32_data_init_copy.o)

.debug_frame    0x0000000000000000      0x8f4
 .debug_frame   0x0000000000000000      0x1e4 build/default/production/platform/gpio.o
 .debug_frame   0x00000000000001e4       0xec build/default/production/platform/systick.o
 .debug_frame   0x00000000000002d0      0x1dc build/default/production/platform/usart.o
 .debug_frame   0x00000000000004ac       0x94 build/default/production/main.o
 .debug_frame   0x0000000000000540       0x38 c:/program files/microchip/xc32/v4.45/bin/bin/../../lib/gcc/pic32c/8.3.1/../../../../pic32c/lib/thumb/v8-m.base/nofp\libpic32c.a(data_init.o)
 .debug_frame   0x0000000000000578       0x20 c:/program files/microchip/xc32/v4.45/bin/bin/../../lib/gcc/pic32c/8.3.1/../../../../pic32c/lib/thumb/v8-m.base/nofp\libc-size-musl.a(memset.o)
 .debug_frame   0x0000000000000598       0x20 c:/program files/microchip/xc32/v4.45/bin/bin/../../lib/gcc/pic32c/8.3.1/../../../../pic32c/lib/thumb/v8-m.base/nofp\libc-size-musl.a(strlen.o)
 .debug_frame   0x00000000000005b8       0x38 c:/program files/microchip/xc32/v4.45/bin/bin/../../lib/gcc/pic32c/8.3.1/../../../../pic32c/lib/thumb/v8-m.base/nofp\libc-musl.a(__libc_start_main.o)
 .debug_frame   0x00000000000005f0       0x48 c:/program files/microchip/xc32/v4.45/bin/bin/../../lib/gcc/pic32c/8.3.1/../../../../pic32c/lib/thumb/v8-m.base/nofp\libc-musl.a(__sio_snprintf_npxX.o)
 .debug_frame   0x0000000000000638       0x30 c:/program files/microchip/xc32/v4.45/bin/bin/../../lib/gcc/pic32c/8.3.1/../../../../pic32c/lib/thumb/v8-m.base/nofp\libc-musl.a(__fmt_x.o)
 .debug_frame   0x0000000000000668       0x28 c:/program files/microchip/xc32/v4.45/bin/bin/../../lib/gcc/pic32c/8.3.1/../../../../pic32c/lib/thumb/v8-m.base/nofp\libc-musl.a(__pop_int.o)
 .debug_frame   0x0000000000000690       0x28 c:/program files/microchip/xc32/v4.45/bin/bin/../../lib/gcc/pic32c/8.3.1/../../../../pic32c/lib/thumb/v8-m.base/nofp\libc-musl.a(__pop_ptr.o)
 .debug_frame   0x00000000000006b8       0xbc c:/program files/microchip/xc32/v4.45/bin/bin/../../lib/gcc/pic32c/8.3.1/../../../../pic32c/lib/thumb/v8-m.base/nofp\libc-musl.a(__printf_core.o)
 .debug_frame   0x0000000000000774       0x28 c:/program files/microchip/xc32/v4.45/bin/bin/../../lib/gcc/pic32c/8.3.1/../../../../pic32c/lib/thumb/v8-m.base/nofp\libc-musl.a(atoi.o)
 .debug_frame   0x000000000000079c       0x38 c:/program files/microchip/xc32/v4.45/bin/bin/../../lib/gcc/pic32c/8.3.1/../../../../pic32c/lib/thumb/v8-m.base/nofp\libc-musl.a(tolower.o)
 .debug_frame   0x00000000000007d4       0x38 c:/program files/microchip/xc32/v4.45/bin/bin/../../lib/gcc/pic32c/8.3.1/../../../../pic32c/lib/thumb/v8-m.base/nofp\libc-musl.a(toupper.o)
 .debug_frame   0x000000000000080c       0x2c c:/program files/microchip/xc32/v4.45/bin/bin/../../lib/gcc/pic32c/8.3.1/../../../../pic32c/lib/thumb/v8-m.base/nofp\libc-musl.a(__int_vsnprintf.o)
 .debug_frame   0x0000000000000838       0x20 c:/program files/microchip/xc32/v4.45/bin/bin/../../lib/gcc/pic32c/8.3.1/../../../../pic32c/lib/thumb/v8-m.base/nofp\libc-musl.a(__pop_float.o)
 .debug_frame   0x0000000000000858       0x2c c:/program files/microchip/xc32/v4.45/bin/bin/../../lib/gcc/pic32c/8.3.1/../../../../pic32c/lib/thumb/v8-m.base/nofp\libc-musl.a(__int_vfprintf.o)
 .debug_frame   0x0000000000000884       0x28 c:/program files/microchip/xc32/v4.45/bin/bin/../../lib/gcc/pic32c/8.3.1/../../../../pic32c/lib/thumb/v8-m.base/nofp\libc-size-musl.a(memcpy.o)
 .debug_frame   0x00000000000008ac       0x20 c:/program files/microchip/xc32/v4.45/bin/bin/../../lib/gcc/pic32c/8.3.1/../../../../pic32c/lib/thumb/v8-m.base/nofp\libpic32c.a(pic32_data_init_clear.o)
 .debug_frame   0x00000000000008cc       0x28 c:/program files/microchip/xc32/v4.45/bin/bin/../../lib/gcc/pic32c/8.3.1/../../../../pic32c/lib/thumb/v8-m.base/nofp\libpic32c.a(pic32_data_init_copy.o)

.debug_ranges   0x0000000000000000      0x1b0
 .debug_ranges  0x0000000000000000       0x18 c:/program files/microchip/xc32/v4.45/bin/bin/../../lib/gcc/pic32c/8.3.1/../../../../pic32c/lib/thumb/v8-m.base/nofp\libpic32c.a(data_init.o)
 .debug_ranges  0x0000000000000018       0x10 c:/program files/microchip/xc32/v4.45/bin/bin/../../lib/gcc/pic32c/8.3.1/../../../../pic32c/lib/thumb/v8-m.base/nofp\libc-size-musl.a(memset.o)
 .debug_ranges  0x0000000000000028       0x10 c:/program files/microchip/xc32/v4.45/bin/bin/../../lib/gcc/pic32c/8.3.1/../../../../pic32c/lib/thumb/v8-m.base/nofp\libc-size-musl.a(strlen.o)
 .debug_ranges  0x0000000000000038       0x38 c:/program files/microchip/xc32/v4.45/bin/bin/../../lib/gcc/pic32c/8.3.1/../../../../pic32c/lib/thumb/v8-m.base/nofp\libc-musl.a(__libc_start_main.o)
 .debug_ranges  0x0000000000000070       0x18 c:/program files/microchip/xc32/v4.45/bin/bin/../../lib/gcc/pic32c/8.3.1/../../../../pic32c/lib/thumb/v8-m.base/nofp\libc-musl.a(__sio_snprintf_npxX.o)
 .debug_ranges  0x0000000000000088       0x10 c:/program files/microchip/xc32/v4.45/bin/bin/../../lib/gcc/pic32c/8.3.1/../../../../pic32c/lib/thumb/v8-m.base/nofp\libc-musl.a(__fmt_x.o)
 .debug_ranges  0x0000000000000098       0x10 c:/program files/microchip/xc32/v4.45/bin/bin/../../lib/gcc/pic32c/8.3.1/../../../../pic32c/lib/thumb/v8-m.base/nofp\libc-musl.a(__pop_int.o)
 .debug_ranges  0x00000000000000a8       0x10 c:/program files/microchip/xc32/v4.45/bin/bin/../../lib/gcc/pic32c/8.3.1/../../../../pic32c/lib/thumb/v8-m.base/nofp\libc-musl.a(__pop_ptr.o)
 .debug_ranges  0x00000000000000b8       0x58 c:/program files/microchip/xc32/v4.45/bin/bin/../../lib/gcc/pic32c/8.3.1/../../../../pic32c/lib/thumb/v8-m.base/nofp\libc-musl.a(__printf_core.o)
 .debug_ranges  0x0000000000000110       0x10 c:/program files/microchip/xc32/v4.45/bin/bin/../../lib/gcc/pic32c/8.3.1/../../../../pic32c/lib/thumb/v8-m.base/nofp\libc-musl.a(atoi.o)
 .debug_ranges  0x0000000000000120       0x18 c:/program files/microchip/xc32/v4.45/bin/bin/../../lib/gcc/pic32c/8.3.1/../../../../pic32c/lib/thumb/v8-m.base/nofp\libc-musl.a(tolower.o)
 .debug_ranges  0x0000000000000138       0x18 c:/program files/microchip/xc32/v4.45/bin/bin/../../lib/gcc/pic32c/8.3.1/../../../../pic32c/lib/thumb/v8-m.base/nofp\libc-musl.a(toupper.o)
 .debug_ranges  0x0000000000000150       0x10 c:/program files/microchip/xc32/v4.45/bin/bin/../../lib/gcc/pic32c/8.3.1/../../../../pic32c/lib/thumb/v8-m.base/nofp\libc-musl.a(__int_vsnprintf.o)
 .debug_ranges  0x0000000000000160       0x10 c:/program files/microchip/xc32/v4.45/bin/bin/../../lib/gcc/pic32c/8.3.1/../../../../pic32c/lib/thumb/v8-m.base/nofp\libc-musl.a(__pop_float.o)
 .debug_ranges  0x0000000000000170       0x10 c:/program files/microchip/xc32/v4.45/bin/bin/../../lib/gcc/pic32c/8.3.1/../../../../pic32c/lib/thumb/v8-m.base/nofp\libc-musl.a(__int_vfprintf.o)
 .debug_ranges  0x0000000000000180       0x10 c:/program files/microchip/xc32/v4.45/bin/bin/../../lib/gcc/pic32c/8.3.1/../../../../pic32c/lib/thumb/v8-m.base/nofp\libc-size-musl.a(memcpy.o)
 .debug_ranges  0x0000000000000190       0x10 c:/program files/microchip/xc32/v4.45/bin/bin/../../lib/gcc/pic32c/8.3.1/../../../../pic32c/lib/thumb/v8-m.base/nofp\libpic32c.a(pic32_data_init_clear.o)
 .debug_ranges  0x00000000000001a0       0x10 c:/program files/microchip/xc32/v4.45/bin/bin/../../lib/gcc/pic32c/8.3.1/../../../../pic32c/lib/thumb/v8-m.base/nofp\libpic32c.a(pic32_data_init_copy.o)

.note.GNU-stack
                0x0000000000000000        0x0
 .note.GNU-stack
                0x0000000000000000        0x0 c:/program files/microchip/xc32/v4.45/bin/bin/../../lib/gcc/pic32c/8.3.1/../../../../pic32c/lib/thumb/v8-m.base/nofp\libc-size-musl.a(memset.o)
 .note.GNU-stack
                0x0000000000000000        0x0 c:/program files/microchip/xc32/v4.45/bin/bin/../../lib/gcc/pic32c/8.3.1/../../../../pic32c/lib/thumb/v8-m.base/nofp\libc-size-musl.a(strlen.o)
 .note.GNU-stack
                0x0000000000000000        0x0 c:/program files/microchip/xc32/v4.45/bin/bin/../../lib/gcc/pic32c/8.3.1/../../../../pic32c/lib/thumb/v8-m.base/nofp\libc-musl.a(__libc_start_main.o)
 .note.GNU-stack
                0x0000000000000000        0x0 c:/program files/microchip/xc32/v4.45/bin/bin/../../lib/gcc/pic32c/8.3.1/../../../../pic32c/lib/thumb/v8-m.base/nofp\libc-musl.a(libc.o)
 .note.GNU-stack
                0x0000000000000000        0x0 c:/program files/microchip/xc32/v4.45/bin/bin/../../lib/gcc/pic32c/8.3.1/../../../../pic32c/lib/thumb/v8-m.base/nofp\libc-musl.a(__sio_snprintf_npxX.o)
 .note.GNU-stack
                0x0000000000000000        0x0 c:/program files/microchip/xc32/v4.45/bin/bin/../../lib/gcc/pic32c/8.3.1/../../../../pic32c/lib/thumb/v8-m.base/nofp\libc-musl.a(__fmt_x.o)
 .note.GNU-stack
                0x0000000000000000        0x0 c:/program files/microchip/xc32/v4.45/bin/bin/../../lib/gcc/pic32c/8.3.1/../../../../pic32c/lib/thumb/v8-m.base/nofp\libc-musl.a(__pop_int.o)
 .note.GNU-stack
                0x0000000000000000        0x0 c:/program files/microchip/xc32/v4.45/bin/bin/../../lib/gcc/pic32c/8.3.1/../../../../pic32c/lib/thumb/v8-m.base/nofp\libc-musl.a(__pop_ptr.o)
 .note.GNU-stack
                0x0000000000000000        0x0 c:/program files/microchip/xc32/v4.45/bin/bin/../../lib/gcc/pic32c/8.3.1/../../../../pic32c/lib/thumb/v8-m.base/nofp\libc-musl.a(__printf_core.o)
 .note.GNU-stack
                0x0000000000000000        0x0 c:/program files/microchip/xc32/v4.45/bin/bin/../../lib/gcc/pic32c/8.3.1/../../../../pic32c/lib/thumb/v8-m.base/nofp\libc-musl.a(atoi.o)
 .note.GNU-stack
                0x0000000000000000        0x0 c:/program files/microchip/xc32/v4.45/bin/bin/../../lib/gcc/pic32c/8.3.1/../../../../pic32c/lib/thumb/v8-m.base/nofp\libc-musl.a(tolower.o)
 .note.GNU-stack
                0x0000000000000000        0x0 c:/program files/microchip/xc32/v4.45/bin/bin/../../lib/gcc/pic32c/8.3.1/../../../../pic32c/lib/thumb/v8-m.base/nofp\libc-musl.a(toupper.o)
 .note.GNU-stack
                0x0000000000000000        0x0 c:/program files/microchip/xc32/v4.45/bin/bin/../../lib/gcc/pic32c/8.3.1/../../../../pic32c/lib/thumb/v8-m.base/nofp\libc-musl.a(__environ.o)
 .note.GNU-stack
                0x0000000000000000        0x0 c:/program files/microchip/xc32/v4.45/bin/bin/../../lib/gcc/pic32c/8.3.1/../../../../pic32c/lib/thumb/v8-m.base/nofp\libc-musl.a(__errno_location.o)
 .note.GNU-stack
                0x0000000000000000        0x0 c:/program files/microchip/xc32/v4.45/bin/bin/../../lib/gcc/pic32c/8.3.1/../../../../pic32c/lib/thumb/v8-m.base/nofp\libc-musl.a(__int_vsnprintf.o)
 .note.GNU-stack
                0x0000000000000000        0x0 c:/program files/microchip/xc32/v4.45/bin/bin/../../lib/gcc/pic32c/8.3.1/../../../../pic32c/lib/thumb/v8-m.base/nofp\libc-musl.a(__pop_float.o)
 .note.GNU-stack
                0x0000000000000000        0x0 c:/program files/microchip/xc32/v4.45/bin/bin/../../lib/gcc/pic32c/8.3.1/../../../../pic32c/lib/thumb/v8-m.base/nofp\libc-musl.a(__int_vfprintf.o)
 .note.GNU-stack
                0x0000000000000000        0x0 c:/program files/microchip/xc32/v4.45/bin/bin/../../lib/gcc/pic32c/8.3.1/../../../../pic32c/lib/thumb/v8-m.base/nofp\libc-size-musl.a(memcpy.o)

.stack          0x0000000020000110      0x100
 .stack         0x0000000020000110      0x100 stack

.bss%1          0x0000000020000000       0x50
 .bss           0x0000000020000000       0x50 c:/program files/microchip/xc32/v4.45/bin/bin/../../lib/gcc/pic32c/8.3.1/../../../../pic32c/lib/thumb/v8-m.base/nofp\libc-musl.a(libc.o)
                0x0000000020000000                __progname_full
                0x0000000020000000                program_invocation_name
                0x0000000020000004                program_invocation_short_name
                0x0000000020000004                __progname
                0x0000000020000008                __sysinfo
                0x000000002000000c                __hwcap
                0x0000000020000010                __libc

.bss%2          0x0000000020000050       0x2c
 .bss           0x0000000020000050       0x2c build/default/production/platform/usart.o

.bss%3          0x000000002000007c       0x1c
 .bss           0x000000002000007c       0x1c c:/program files/microchip/xc32/v4.45/bin/bin/../../lib/gcc/pic32c/8.3.1/thumb/v8-m.base/nofp/crtbegin.o

.bss%4          0x0000000020000098        0xc
 .bss           0x0000000020000098        0xc build/default/production/platform/systick.o

.bss%5          0x00000000200000a4        0x8
 .bss           0x00000000200000a4        0x8 build/default/production/platform/gpio.o

.bss%6          0x00000000200000ac        0x8
 .bss           0x00000000200000ac        0x8 build/default/production/main.o
                0x00000000200000ac                currentSetting
                0x00000000200000b0                init

.bss%7          0x00000000200000b4        0x4
 .bss           0x00000000200000b4        0x4 c:/program files/microchip/xc32/v4.45/bin/bin/../../lib/gcc/pic32c/8.3.1/../../../../pic32c/lib/thumb/v8-m.base/nofp\libpic32c.a(data_init.o)

.bss%8          0x00000000200000b8        0x4
 .bss           0x00000000200000b8        0x4 c:/program files/microchip/xc32/v4.45/bin/bin/../../lib/gcc/pic32c/8.3.1/../../../../pic32c/lib/thumb/v8-m.base/nofp\libc-musl.a(__environ.o)
                0x00000000200000b8                __environ
                0x00000000200000b8                environ
                0x00000000200000b8                ___environ
                0x00000000200000b8                _environ

.bss%9          0x00000000200000bc        0x4
 .bss           0x00000000200000bc        0x4 c:/program files/microchip/xc32/v4.45/bin/bin/../../lib/gcc/pic32c/8.3.1/../../../../pic32c/lib/thumb/v8-m.base/nofp\libc-musl.a(__errno_location.o)
                0x00000000200000bc                __errno_val

.bss%z1         0x0000000000000000        0x0
 .bss           0x0000000000000000        0x0 c:/program files/microchip/xc32/v4.45/bin/bin/../../lib/gcc/pic32c/8.3.1/../../../../pic32c/lib/thumb/v8-m.base/nofp\libpic32c.a(pic32_data_init_copy.o)

.bss%z2         0x0000000000000000        0x0
 .bss           0x0000000000000000        0x0 c:/program files/microchip/xc32/v4.45/bin/bin/../../lib/gcc/pic32c/8.3.1/../../../../pic32c/lib/thumb/v8-m.base/nofp\libpic32c.a(pic32_data_init_clear.o)

.bss%z3         0x0000000000000000        0x0
 .bss           0x0000000000000000        0x0 c:/program files/microchip/xc32/v4.45/bin/bin/../../lib/gcc/pic32c/8.3.1/thumb/v8-m.base/nofp/crtn.o

.bss%z4         0x0000000000000000        0x0
 .bss           0x0000000000000000        0x0 c:/program files/microchip/xc32/v4.45/bin/bin/../../lib/gcc/pic32c/8.3.1/thumb/v8-m.base/nofp/crtend.o

.bss%z5         0x0000000000000000        0x0
 .bss           0x0000000000000000        0x0 c:/program files/microchip/xc32/v4.45/bin/bin/../../lib/gcc/pic32c/8.3.1/../../../../pic32c/lib/thumb/v8-m.base/nofp\libc-size-musl.a(memcpy.o)

.bss%z6         0x0000000000000000        0x0
 .bss           0x0000000000000000        0x0 c:/program files/microchip/xc32/v4.45/bin/bin/../../lib/gcc/pic32c/8.3.1/../../../../pic32c/lib/thumb/v8-m.base/nofp\libc-musl.a(__int_vfprintf.o)

.bss%z7         0x0000000000000000        0x0
 .bss           0x0000000000000000        0x0 c:/program files/microchip/xc32/v4.45/bin/bin/../../lib/gcc/pic32c/8.3.1/../../../../pic32c/lib/thumb/v8-m.base/nofp\libc-musl.a(__pop_float.o)

.bss%z8         0x0000000000000000        0x0
 .bss           0x0000000000000000        0x0 c:/program files/microchip/xc32/v4.45/bin/bin/../../lib/gcc/pic32c/8.3.1/../../../../pic32c/lib/thumb/v8-m.base/nofp\libc-musl.a(__int_vsnprintf.o)

.bss%z9         0x0000000000000000        0x0
 .bss           0x0000000000000000        0x0 c:/program files/microchip/xc32/v4.45/bin/bin/../../lib/gcc/pic32c/8.3.1/../../../../pic32c/lib/thumb/v8-m.base/nofp\libc-musl.a(toupper.o)

.bss%z10        0x0000000000000000        0x0
 .bss           0x0000000000000000        0x0 c:/program files/microchip/xc32/v4.45/bin/bin/../../lib/gcc/pic32c/8.3.1/../../../../pic32c/lib/thumb/v8-m.base/nofp\libc-musl.a(tolower.o)

.bss%z11        0x0000000000000000        0x0
 .bss           0x0000000000000000        0x0 c:/program files/microchip/xc32/v4.45/bin/bin/../../lib/gcc/pic32c/8.3.1/../../../../pic32c/lib/thumb/v8-m.base/nofp\libc-musl.a(atoi.o)

.bss%z12        0x0000000000000000        0x0
 .bss           0x0000000000000000        0x0 c:/program files/microchip/xc32/v4.45/bin/bin/../../lib/gcc/pic32c/8.3.1/../../../../pic32c/lib/thumb/v8-m.base/nofp\libc-musl.a(__printf_core.o)

.bss%z13        0x0000000000000000        0x0
 .bss           0x0000000000000000        0x0 c:/program files/microchip/xc32/v4.45/bin/bin/../../lib/gcc/pic32c/8.3.1/../../../../pic32c/lib/thumb/v8-m.base/nofp\libc-musl.a(__pop_ptr.o)

.bss%z14        0x0000000000000000        0x0
 .bss           0x0000000000000000        0x0 c:/program files/microchip/xc32/v4.45/bin/bin/../../lib/gcc/pic32c/8.3.1/../../../../pic32c/lib/thumb/v8-m.base/nofp\libc-musl.a(__pop_int.o)

.bss%z15        0x0000000000000000        0x0
 .bss           0x0000000000000000        0x0 c:/program files/microchip/xc32/v4.45/bin/bin/../../lib/gcc/pic32c/8.3.1/../../../../pic32c/lib/thumb/v8-m.base/nofp\libc-musl.a(__fmt_x.o)

.bss%z16        0x0000000000000000        0x0
 .bss           0x0000000000000000        0x0 c:/program files/microchip/xc32/v4.45/bin/bin/../../lib/gcc/pic32c/8.3.1/../../../../pic32c/lib/thumb/v8-m.base/nofp\libc-musl.a(__sio_snprintf_npxX.o)

.bss%z17        0x0000000000000000        0x0
 .bss           0x0000000000000000        0x0 c:/program files/microchip/xc32/v4.45/bin/bin/../../lib/gcc/pic32c/8.3.1/../../../../pic32c/lib/thumb/v8-m.base/nofp\libc-musl.a(__libc_start_main.o)

.bss%z18        0x0000000000000000        0x0
 .bss           0x0000000000000000        0x0 c:/program files/microchip/xc32/v4.45/bin/bin/../../lib/gcc/pic32c/8.3.1/../../../../pic32c/lib/thumb/v8-m.base/nofp\libc-size-musl.a(strlen.o)

.bss%z19        0x0000000000000000        0x0
 .bss           0x0000000000000000        0x0 c:/program files/microchip/xc32/v4.45/bin/bin/../../lib/gcc/pic32c/8.3.1/../../../../pic32c/lib/thumb/v8-m.base/nofp\libc-size-musl.a(memset.o)

.bss%z20        0x0000000000000000        0x0
 .bss           0x0000000000000000        0x0 C:\Users\chris\AppData\Local\Temp\ccaYgSzs.o

.bss%z21        0x0000000000000000        0x0
 .bss           0x0000000000000000        0x0 c:/program files/microchip/xc32/v4.45/bin/bin/../../lib/gcc/pic32c/8.3.1/thumb/v8-m.base/nofp/crti.o

.data%10        0x00000000200000c0       0x1c
 .data          0x00000000200000c0       0x1c build/default/production/main.o
                0x00000000200000c8                blinkSettingStrings

.data%11        0x00000000200000dc        0x4
 .data          0x00000000200000dc        0x4 c:/program files/microchip/xc32/v4.45/bin/bin/../../lib/gcc/pic32c/8.3.1/thumb/v8-m.base/nofp/crtbegin.o
                0x00000000200000dc                __dso_handle

.eh_frame%12    0x00000000200000e0        0x4
 .eh_frame      0x00000000200000e0        0x4 c:/program files/microchip/xc32/v4.45/bin/bin/../../lib/gcc/pic32c/8.3.1/thumb/v8-m.base/nofp/crtend.o

.data%z22       0x0000000000000000        0x0
 .data          0x0000000000000000        0x0 c:/program files/microchip/xc32/v4.45/bin/bin/../../lib/gcc/pic32c/8.3.1/../../../../pic32c/lib/thumb/v8-m.base/nofp\libpic32c.a(pic32_data_init_copy.o)

.data%z23       0x0000000000000000        0x0
 .data          0x0000000000000000        0x0 c:/program files/microchip/xc32/v4.45/bin/bin/../../lib/gcc/pic32c/8.3.1/../../../../pic32c/lib/thumb/v8-m.base/nofp\libpic32c.a(pic32_data_init_clear.o)

.data%z24       0x0000000000000000        0x0
 .data          0x0000000000000000        0x0 c:/program files/microchip/xc32/v4.45/bin/bin/../../lib/gcc/pic32c/8.3.1/thumb/v8-m.base/nofp/crtn.o

.data%z25       0x0000000000000000        0x0
 .data          0x0000000000000000        0x0 c:/program files/microchip/xc32/v4.45/bin/bin/../../lib/gcc/pic32c/8.3.1/thumb/v8-m.base/nofp/crtend.o

.data%z26       0x0000000000000000        0x0
 .data          0x0000000000000000        0x0 c:/program files/microchip/xc32/v4.45/bin/bin/../../lib/gcc/pic32c/8.3.1/../../../../pic32c/lib/thumb/v8-m.base/nofp\libc-size-musl.a(memcpy.o)

.data%z27       0x0000000000000000        0x0
 .data          0x0000000000000000        0x0 c:/program files/microchip/xc32/v4.45/bin/bin/../../lib/gcc/pic32c/8.3.1/../../../../pic32c/lib/thumb/v8-m.base/nofp\libc-musl.a(__int_vfprintf.o)

.data%z28       0x0000000000000000        0x0
 .data          0x0000000000000000        0x0 c:/program files/microchip/xc32/v4.45/bin/bin/../../lib/gcc/pic32c/8.3.1/../../../../pic32c/lib/thumb/v8-m.base/nofp\libc-musl.a(__pop_float.o)

.data%z29       0x0000000000000000        0x0
 .data          0x0000000000000000        0x0 c:/program files/microchip/xc32/v4.45/bin/bin/../../lib/gcc/pic32c/8.3.1/../../../../pic32c/lib/thumb/v8-m.base/nofp\libc-musl.a(__int_vsnprintf.o)

.data%z30       0x0000000000000000        0x0
 .data          0x0000000000000000        0x0 c:/program files/microchip/xc32/v4.45/bin/bin/../../lib/gcc/pic32c/8.3.1/../../../../pic32c/lib/thumb/v8-m.base/nofp\libc-musl.a(__errno_location.o)

.data%z31       0x0000000000000000        0x0
 .data          0x0000000000000000        0x0 c:/program files/microchip/xc32/v4.45/bin/bin/../../lib/gcc/pic32c/8.3.1/../../../../pic32c/lib/thumb/v8-m.base/nofp\libc-musl.a(__environ.o)

.data%z32       0x0000000000000000        0x0
 .data          0x0000000000000000        0x0 c:/program files/microchip/xc32/v4.45/bin/bin/../../lib/gcc/pic32c/8.3.1/../../../../pic32c/lib/thumb/v8-m.base/nofp\libc-musl.a(toupper.o)

.data%z33       0x0000000000000000        0x0
 .data          0x0000000000000000        0x0 c:/program files/microchip/xc32/v4.45/bin/bin/../../lib/gcc/pic32c/8.3.1/../../../../pic32c/lib/thumb/v8-m.base/nofp\libc-musl.a(tolower.o)

.data%z34       0x0000000000000000        0x0
 .data          0x0000000000000000        0x0 c:/program files/microchip/xc32/v4.45/bin/bin/../../lib/gcc/pic32c/8.3.1/../../../../pic32c/lib/thumb/v8-m.base/nofp\libc-musl.a(atoi.o)

.data%z35       0x0000000000000000        0x0
 .data          0x0000000000000000        0x0 c:/program files/microchip/xc32/v4.45/bin/bin/../../lib/gcc/pic32c/8.3.1/../../../../pic32c/lib/thumb/v8-m.base/nofp\libc-musl.a(__printf_core.o)

.data%z36       0x0000000000000000        0x0
 .data          0x0000000000000000        0x0 c:/program files/microchip/xc32/v4.45/bin/bin/../../lib/gcc/pic32c/8.3.1/../../../../pic32c/lib/thumb/v8-m.base/nofp\libc-musl.a(__pop_ptr.o)

.data%z37       0x0000000000000000        0x0
 .data          0x0000000000000000        0x0 c:/program files/microchip/xc32/v4.45/bin/bin/../../lib/gcc/pic32c/8.3.1/../../../../pic32c/lib/thumb/v8-m.base/nofp\libc-musl.a(__pop_int.o)

.data%z38       0x0000000000000000        0x0
 .data          0x0000000000000000        0x0 c:/program files/microchip/xc32/v4.45/bin/bin/../../lib/gcc/pic32c/8.3.1/../../../../pic32c/lib/thumb/v8-m.base/nofp\libc-musl.a(__fmt_x.o)

.data%z39       0x0000000000000000        0x0
 .data          0x0000000000000000        0x0 c:/program files/microchip/xc32/v4.45/bin/bin/../../lib/gcc/pic32c/8.3.1/../../../../pic32c/lib/thumb/v8-m.base/nofp\libc-musl.a(__sio_snprintf_npxX.o)

.data%z40       0x0000000000000000        0x0
 .data          0x0000000000000000        0x0 c:/program files/microchip/xc32/v4.45/bin/bin/../../lib/gcc/pic32c/8.3.1/../../../../pic32c/lib/thumb/v8-m.base/nofp\libc-musl.a(libc.o)

.data%z41       0x0000000000000000        0x0
 .data          0x0000000000000000        0x0 c:/program files/microchip/xc32/v4.45/bin/bin/../../lib/gcc/pic32c/8.3.1/../../../../pic32c/lib/thumb/v8-m.base/nofp\libc-musl.a(__libc_start_main.o)

.data%z42       0x0000000000000000        0x0
 .data          0x0000000000000000        0x0 c:/program files/microchip/xc32/v4.45/bin/bin/../../lib/gcc/pic32c/8.3.1/../../../../pic32c/lib/thumb/v8-m.base/nofp\libc-size-musl.a(strlen.o)

.data%z43       0x0000000000000000        0x0
 .data          0x0000000000000000        0x0 c:/program files/microchip/xc32/v4.45/bin/bin/../../lib/gcc/pic32c/8.3.1/../../../../pic32c/lib/thumb/v8-m.base/nofp\libc-size-musl.a(memset.o)

.data%z44       0x0000000000000000        0x0
 .data          0x0000000000000000        0x0 c:/program files/microchip/xc32/v4.45/bin/bin/../../lib/gcc/pic32c/8.3.1/../../../../pic32c/lib/thumb/v8-m.base/nofp\libpic32c.a(data_init.o)

.data%z45       0x0000000000000000        0x0
 .data          0x0000000000000000        0x0 C:\Users\chris\AppData\Local\Temp\ccaYgSzs.o

.data%z46       0x0000000000000000        0x0
 .data          0x0000000000000000        0x0 build/default/production/platform/usart.o

.data%z47       0x0000000000000000        0x0
 .data          0x0000000000000000        0x0 build/default/production/platform/systick.o

.data%z48       0x0000000000000000        0x0
 .data          0x0000000000000000        0x0 build/default/production/platform/gpio.o

.eh_frame%z49   0x0000000000000000        0x0
 .eh_frame      0x0000000000000000        0x0 c:/program files/microchip/xc32/v4.45/bin/bin/../../lib/gcc/pic32c/8.3.1/thumb/v8-m.base/nofp/crtbegin.o

.data%z50       0x0000000000000000        0x0
 .data          0x0000000000000000        0x0 c:/program files/microchip/xc32/v4.45/bin/bin/../../lib/gcc/pic32c/8.3.1/thumb/v8-m.base/nofp/crti.o

.text%13        0x000000000000017c      0x8e8
 .text          0x000000000000017c      0x8e8 build/default/production/platform/gpio.o
                0x0000000000000516                TC0_Wait
                0x0000000000000548                platform_blink_modify
                0x0000000000000758                EIC_EXTINT_2_Handler
                0x00000000000008b0                platform_pb_get_event
                0x0000000000000910                platform_init
                0x0000000000000942                TC0_Init
                0x0000000000000a46                platform_do_loop_one

.text%14        0x0000000000000a64      0x6d4
 .text          0x0000000000000a64      0x6d4 build/default/production/platform/usart.o
                0x0000000000000a64                platform_usart_init
                0x0000000000000ee8                platform_usart_tick_handler
                0x0000000000001010                platform_usart_cdc_tx_async
                0x0000000000001036                platform_usart_cdc_tx_busy
                0x0000000000001050                platform_usart_cdc_tx_abort
                0x00000000000010e2                platform_usart_cdc_rx_async
                0x0000000000001106                platform_usart_cdc_rx_busy
                0x0000000000001120                platform_usart_cdc_rx_abort

.text%15        0x0000000000001138      0x55c
 .text          0x0000000000001138      0x55c build/default/production/main.o
                0x000000000000167c                main

.rodata%16      0x0000000000001694      0x38c
 .rodata        0x0000000000001694      0x38c build/default/production/main.o

.text.__printf_core%17
                0x0000000000001a20      0x330
 .text.__printf_core
                0x0000000000001a20      0x330 c:/program files/microchip/xc32/v4.45/bin/bin/../../lib/gcc/pic32c/8.3.1/../../../../pic32c/lib/thumb/v8-m.base/nofp\libc-musl.a(__printf_core.o)
                0x0000000000001a20                __printf_core

.text%18        0x0000000000001d50      0x32e
 .text          0x0000000000001d50      0x32e build/default/production/platform/systick.o
                0x0000000000001d50                platform_timespec_normalize
                0x0000000000001da6                platform_timespec_compare
                0x0000000000001dfe                SysTick_Handler
                0x0000000000001ea6                platform_systick_init
                0x0000000000001edc                platform_tick_count
                0x0000000000001f16                platform_tick_hrcount
                0x0000000000001f9e                platform_tick_delta

.text.__fmt_x%19
                0x000000000000207e      0x130
 .text.__fmt_x  0x000000000000207e      0x130 c:/program files/microchip/xc32/v4.45/bin/bin/../../lib/gcc/pic32c/8.3.1/../../../../pic32c/lib/thumb/v8-m.base/nofp\libc-musl.a(__fmt_x.o)
                0x000000000000207e                __fmt_x_needed
                0x000000000000207e                __fmt_x

.text.__pop_int%20
                0x00000000000021ae       0xb6
 .text.__pop_int
                0x00000000000021ae       0xb6 c:/program files/microchip/xc32/v4.45/bin/bin/../../lib/gcc/pic32c/8.3.1/../../../../pic32c/lib/thumb/v8-m.base/nofp\libc-musl.a(__pop_int.o)
                0x00000000000021ae                __pop_int_needed
                0x00000000000021ae                __pop_int

.dinit%21       0x0000000000002264       0xb0
 .dinit         0x0000000000002264       0xb0 data_init

.text.Reset_Handler%22
                0x0000000000002314       0x7e
 .text.Reset_Handler
                0x0000000000002314       0x7e C:\Users\chris\AppData\Local\Temp\ccaYgSzs.o
                0x0000000000002314                Reset_Handler

.text.__pad%23  0x0000000000002392       0x7a
 .text.__pad    0x0000000000002392       0x7a c:/program files/microchip/xc32/v4.45/bin/bin/../../lib/gcc/pic32c/8.3.1/../../../../pic32c/lib/thumb/v8-m.base/nofp\libc-musl.a(__printf_core.o)
                0x0000000000002392                __pad

.text.__pop_ptr%24
                0x000000000000240c       0x68
 .text.__pop_ptr
                0x000000000000240c       0x68 c:/program files/microchip/xc32/v4.45/bin/bin/../../lib/gcc/pic32c/8.3.1/../../../../pic32c/lib/thumb/v8-m.base/nofp\libc-musl.a(__pop_ptr.o)
                0x000000000000240c                __pop_ptr
                0x000000000000240c                __pop_ptr_needed

.text.__libc_start_init%25
                0x0000000000002474       0x5c
 .text.__libc_start_init
                0x0000000000002474       0x5c c:/program files/microchip/xc32/v4.45/bin/bin/../../lib/gcc/pic32c/8.3.1/../../../../pic32c/lib/thumb/v8-m.base/nofp\libc-musl.a(__libc_start_main.o)
                0x0000000000002474                __libc_init_array

.text.__vsnprintf%26
                0x00000000000024d0       0x4c
 .text.__vsnprintf
                0x00000000000024d0       0x4c c:/program files/microchip/xc32/v4.45/bin/bin/../../lib/gcc/pic32c/8.3.1/../../../../pic32c/lib/thumb/v8-m.base/nofp\libc-musl.a(__int_vsnprintf.o)
                0x00000000000024d0                __vsnprintf

.text%27        0x000000000000251c       0x40
 .text          0x000000000000251c       0x40 c:/program files/microchip/xc32/v4.45/bin/bin/../../lib/gcc/pic32c/8.3.1/thumb/v8-m.base/nofp/crtbegin.o

.text.atoi%28   0x000000000000255c       0x3e
 .text.atoi     0x000000000000255c       0x3e c:/program files/microchip/xc32/v4.45/bin/bin/../../lib/gcc/pic32c/8.3.1/../../../../pic32c/lib/thumb/v8-m.base/nofp\libc-musl.a(atoi.o)
                0x000000000000255c                atoi

.text.__fmt_state%29
                0x000000000000259c       0x34
 .text.__fmt_state
                0x000000000000259c       0x34 c:/program files/microchip/xc32/v4.45/bin/bin/../../lib/gcc/pic32c/8.3.1/../../../../pic32c/lib/thumb/v8-m.base/nofp\libc-musl.a(__printf_core.o)
                0x000000000000259c                __fmt_state

.text.__pic32c_data_initialization%30
                0x00000000000025d0       0x30
 .text.__pic32c_data_initialization
                0x00000000000025d0       0x30 c:/program files/microchip/xc32/v4.45/bin/bin/../../lib/gcc/pic32c/8.3.1/../../../../pic32c/lib/thumb/v8-m.base/nofp\libpic32c.a(data_init.o)
                0x00000000000025d0                __pic32c_data_initialization

.text.__pop_float%31
                0x0000000000002600       0x2a
 .text.__pop_float
                0x0000000000002600       0x2a c:/program files/microchip/xc32/v4.45/bin/bin/../../lib/gcc/pic32c/8.3.1/../../../../pic32c/lib/thumb/v8-m.base/nofp\libc-musl.a(__pop_float.o)
                0x0000000000002600                __pop_float_needed
                0x0000000000002600                __pop_float

.text.__string_out%32
                0x000000000000262a       0x28
 .text.__string_out
                0x000000000000262a       0x28 c:/program files/microchip/xc32/v4.45/bin/bin/../../lib/gcc/pic32c/8.3.1/../../../../pic32c/lib/thumb/v8-m.base/nofp\libc-musl.a(__printf_core.o)
                0x000000000000262a                __out

.text.__dinit_copy%33
                0x0000000000002652       0x1e
 .text.__dinit_copy
                0x0000000000002652       0x1e c:/program files/microchip/xc32/v4.45/bin/bin/../../lib/gcc/pic32c/8.3.1/../../../../pic32c/lib/thumb/v8-m.base/nofp\libpic32c.a(pic32_data_init_copy.o)
                0x0000000000002652                __dinit_copy_needed
                0x0000000000002652                __dinit_copy

.text.strlen%34
                0x0000000000002670       0x18
 .text.strlen   0x0000000000002670       0x18 c:/program files/microchip/xc32/v4.45/bin/bin/../../lib/gcc/pic32c/8.3.1/../../../../pic32c/lib/thumb/v8-m.base/nofp\libc-size-musl.a(strlen.o)
                0x0000000000002670                strlen

.text.__vfprintf%35
                0x0000000000002688       0x18
 .text.__vfprintf
                0x0000000000002688       0x18 c:/program files/microchip/xc32/v4.45/bin/bin/../../lib/gcc/pic32c/8.3.1/../../../../pic32c/lib/thumb/v8-m.base/nofp\libc-musl.a(__int_vfprintf.o)
                0x0000000000002688                __vfprintf

.text.__wrap_snprintf%36
                0x00000000000026a0       0x16
 .text.__wrap_snprintf
                0x00000000000026a0       0x16 c:/program files/microchip/xc32/v4.45/bin/bin/../../lib/gcc/pic32c/8.3.1/../../../../pic32c/lib/thumb/v8-m.base/nofp\libc-musl.a(__sio_snprintf_npxX.o)
                0x00000000000026a0                _dsnprintf_npxX
                0x00000000000026a0                _snprintf_npxX

.rodata%37      0x00000000000026b6       0x16
 .rodata        0x00000000000026b6       0x16 c:/program files/microchip/xc32/v4.45/bin/bin/../../lib/gcc/pic32c/8.3.1/../../../../pic32c/lib/thumb/v8-m.base/nofp\libc-musl.a(__printf_core.o)

.rodata%38      0x00000000000026cc       0x14
 .rodata        0x00000000000026cc       0x14 build/default/production/platform/gpio.o

.rodata%39      0x00000000000026e0       0x14
 .rodata        0x00000000000026e0       0x14 c:/program files/microchip/xc32/v4.45/bin/bin/../../lib/gcc/pic32c/8.3.1/../../../../pic32c/lib/thumb/v8-m.base/nofp\libpic32c.a(data_init.o)

.text.memset%40
                0x00000000000026f4       0x14
 .text.memset   0x00000000000026f4       0x14 c:/program files/microchip/xc32/v4.45/bin/bin/../../lib/gcc/pic32c/8.3.1/../../../../pic32c/lib/thumb/v8-m.base/nofp\libc-size-musl.a(memset.o)
                0x00000000000026f4                memset

.text.memcpy%41
                0x0000000000002708       0x14
 .text.memcpy   0x0000000000002708       0x14 c:/program files/microchip/xc32/v4.45/bin/bin/../../lib/gcc/pic32c/8.3.1/../../../../pic32c/lib/thumb/v8-m.base/nofp\libc-size-musl.a(memcpy.o)
                0x0000000000002708                memcpy

.text.__dinit_clear%42
                0x000000000000271c       0x12
 .text.__dinit_clear
                0x000000000000271c       0x12 c:/program files/microchip/xc32/v4.45/bin/bin/../../lib/gcc/pic32c/8.3.1/../../../../pic32c/lib/thumb/v8-m.base/nofp\libpic32c.a(pic32_data_init_clear.o)
                0x000000000000271c                __dinit_clear
                0x000000000000271c                __dinit_clear_needed

.text.__sio_snprintf_npxX%43
                0x000000000000272e       0x10
 .text.__sio_snprintf_npxX
                0x000000000000272e       0x10 c:/program files/microchip/xc32/v4.45/bin/bin/../../lib/gcc/pic32c/8.3.1/../../../../pic32c/lib/thumb/v8-m.base/nofp\libc-musl.a(__sio_snprintf_npxX.o)
                0x000000000000272e                __sio_snprintf_npxX

.text.tolower%44
                0x000000000000273e        0xe
 .text.tolower  0x000000000000273e        0xe c:/program files/microchip/xc32/v4.45/bin/bin/../../lib/gcc/pic32c/8.3.1/../../../../pic32c/lib/thumb/v8-m.base/nofp\libc-musl.a(tolower.o)
                0x000000000000273e                tolower

.text.toupper%45
                0x000000000000274c        0xe
 .text.toupper  0x000000000000274c        0xe c:/program files/microchip/xc32/v4.45/bin/bin/../../lib/gcc/pic32c/8.3.1/../../../../pic32c/lib/thumb/v8-m.base/nofp\libc-musl.a(toupper.o)
                0x000000000000274c                toupper

.rodata.str1.1%46
                0x000000000000275a        0x8
 .rodata.str1.1
                0x000000000000275a        0x8 c:/program files/microchip/xc32/v4.45/bin/bin/../../lib/gcc/pic32c/8.3.1/../../../../pic32c/lib/thumb/v8-m.base/nofp\libc-musl.a(__printf_core.o)

.text.__tolower_l%47
                0x0000000000002762        0x8
 .text.__tolower_l
                0x0000000000002762        0x8 c:/program files/microchip/xc32/v4.45/bin/bin/../../lib/gcc/pic32c/8.3.1/../../../../pic32c/lib/thumb/v8-m.base/nofp\libc-musl.a(tolower.o)
                0x0000000000002762                tolower_l
                0x0000000000002762                __tolower_l

.text.__toupper_l%48
                0x000000000000276a        0x8
 .text.__toupper_l
                0x000000000000276a        0x8 c:/program files/microchip/xc32/v4.45/bin/bin/../../lib/gcc/pic32c/8.3.1/../../../../pic32c/lib/thumb/v8-m.base/nofp\libc-musl.a(toupper.o)
                0x000000000000276a                __toupper_l
                0x000000000000276a                toupper_l

.text.__dummy_decompress%49
                0x0000000000002772        0x4
 .text.__dummy_decompress
                0x0000000000002772        0x4 c:/program files/microchip/xc32/v4.45/bin/bin/../../lib/gcc/pic32c/8.3.1/../../../../pic32c/lib/thumb/v8-m.base/nofp\libpic32c.a(data_init.o)
                0x0000000000002772                __dinit_decompress
                0x0000000000002772                __dinit_copy_val_data
                0x0000000000002772                __dinit_copy_emb

.text.__dummy_fmt3%50
                0x0000000000002776        0x4
 .text.__dummy_fmt3
                0x0000000000002776        0x4 c:/program files/microchip/xc32/v4.45/bin/bin/../../lib/gcc/pic32c/8.3.1/../../../../pic32c/lib/thumb/v8-m.base/nofp\libc-musl.a(__printf_core.o)
                0x0000000000002776                __fmt_o
                0x0000000000002776                __fmt_d
                0x0000000000002776                __fmt_u

.text.__dummy_fmt4%51
                0x000000000000277a        0x4
 .text.__dummy_fmt4
                0x000000000000277a        0x4 c:/program files/microchip/xc32/v4.45/bin/bin/../../lib/gcc/pic32c/8.3.1/../../../../pic32c/lib/thumb/v8-m.base/nofp\libc-musl.a(__printf_core.o)
                0x000000000000277a                __fmt_fp
                0x000000000000277a                __fmt_a

.text.__dummy_fmts%52
                0x000000000000277e        0x4
 .text.__dummy_fmts
                0x000000000000277e        0x4 c:/program files/microchip/xc32/v4.45/bin/bin/../../lib/gcc/pic32c/8.3.1/../../../../pic32c/lib/thumb/v8-m.base/nofp\libc-musl.a(__printf_core.o)
                0x000000000000277e                __fmt_s

.text.Dummy_Handler%53
                0x000000000000259a        0x2
 .text.Dummy_Handler
                0x000000000000259a        0x2 C:\Users\chris\AppData\Local\Temp\ccaYgSzs.o
                0x000000000000259a                SVCall_Handler
                0x000000000000259a                SERCOM0_2_Handler
                0x000000000000259a                EVSYS_0_Handler
                0x000000000000259a                TRNG_Handler
                0x000000000000259a                ADC_RESRDY_Handler
                0x000000000000259a                HardFault_Handler
                0x000000000000259a                TC2_Handler
                0x000000000000259a                AC_Handler
                0x000000000000259a                DMAC_OTHER_Handler
                0x000000000000259a                EIC_EXTINT_5_Handler
                0x000000000000259a                SERCOM3_1_Handler
                0x000000000000259a                SERCOM4_OTHER_Handler
                0x000000000000259a                SERCOM3_2_Handler
                0x000000000000259a                EIC_EXTINT_6_Handler
                0x000000000000259a                PendSV_Handler
                0x000000000000259a                EVSYS_3_Handler
                0x000000000000259a                NonMaskableInt_Handler
                0x000000000000259a                TCC1_Handler
                0x000000000000259a                EIC_EXTINT_4_Handler
                0x000000000000259a                EIC_EXTINT_7_Handler
                0x000000000000259a                SERCOM0_OTHER_Handler
                0x000000000000259a                TCC0_Handler
                0x000000000000259a                SERCOM0_0_Handler
                0x000000000000259a                RTC_Handler
                0x000000000000259a                SERCOM4_0_Handler
                0x000000000000259a                SERCOM1_OTHER_Handler
                0x000000000000259a                EVSYS_1_Handler
                0x000000000000259a                DMAC_0_Handler
                0x000000000000259a                WDT_Handler
                0x000000000000259a                TRAM_Handler
                0x000000000000259a                EVSYS_NSCHK_Handler
                0x000000000000259a                EIC_EXTINT_1_Handler
                0x000000000000259a                SERCOM5_0_Handler
                0x000000000000259a                TC1_Handler
                0x000000000000259a                EIC_EXTINT_0_Handler
                0x000000000000259a                DAC_UNDERRUN_Handler
                0x000000000000259a                DAC_EMPTY_Handler
                0x000000000000259a                PAC_Handler
                0x000000000000259a                USB_Handler
                0x000000000000259a                SERCOM4_1_Handler
                0x000000000000259a                Dummy_Handler
                0x000000000000259a                SERCOM5_1_Handler
                0x000000000000259a                DMAC_2_Handler
                0x000000000000259a                SERCOM0_1_Handler
                0x000000000000259a                SERCOM5_OTHER_Handler
                0x000000000000259a                DMAC_1_Handler
                0x000000000000259a                TCC3_Handler
                0x000000000000259a                TCC2_Handler
                0x000000000000259a                SERCOM1_1_Handler
                0x000000000000259a                EVSYS_7_Handler
                0x000000000000259a                I2S_Handler
                0x000000000000259a                NVMCTRL_Handler
                0x000000000000259a                PORT_Handler
                0x000000000000259a                SYSTEM_Handler
                0x000000000000259a                SERCOM1_0_Handler
                0x000000000000259a                SERCOM2_1_Handler
                0x000000000000259a                SERCOM1_2_Handler
                0x000000000000259a                SERCOM3_0_Handler
                0x000000000000259a                SERCOM4_2_Handler
                0x000000000000259a                EVSYS_4_Handler
                0x000000000000259a                SERCOM5_2_Handler
                0x000000000000259a                SERCOM2_2_Handler
                0x000000000000259a                EIC_EXTINT_3_Handler
                0x000000000000259a                SERCOM3_OTHER_Handler
                0x000000000000259a                PTC_Handler
                0x000000000000259a                EVSYS_6_Handler
                0x000000000000259a                EVSYS_5_Handler
                0x000000000000259a                EVSYS_2_Handler
                0x000000000000259a                SERCOM2_OTHER_Handler
                0x000000000000259a                FREQM_Handler
                0x000000000000259a                TC0_Handler
                0x000000000000259a                EIC_OTHER_Handler
                0x000000000000259a                ADC_OTHER_Handler
                0x000000000000259a                DMAC_3_Handler
                0x000000000000259a                SERCOM2_0_Handler

.text.__dummy%54
                0x0000000000002782        0x2
 .text.__dummy  0x0000000000002782        0x2 c:/program files/microchip/xc32/v4.45/bin/bin/../../lib/gcc/pic32c/8.3.1/../../../../pic32c/lib/thumb/v8-m.base/nofp\libc-musl.a(__libc_start_main.o)
                0x0000000000002782                __init_stdio
                0x0000000000002782                __init_host

.text%z51       0x0000000000000000        0x0
 .text          0x0000000000000000        0x0 c:/program files/microchip/xc32/v4.45/bin/bin/../../lib/gcc/pic32c/8.3.1/../../../../pic32c/lib/thumb/v8-m.base/nofp\libpic32c.a(pic32_data_init_copy.o)

.text%z52       0x0000000000000000        0x0
 .text          0x0000000000000000        0x0 c:/program files/microchip/xc32/v4.45/bin/bin/../../lib/gcc/pic32c/8.3.1/../../../../pic32c/lib/thumb/v8-m.base/nofp\libpic32c.a(pic32_data_init_clear.o)

.text%z53       0x0000000000000000        0x0
 .text          0x0000000000000000        0x0 c:/program files/microchip/xc32/v4.45/bin/bin/../../lib/gcc/pic32c/8.3.1/thumb/v8-m.base/nofp/crtn.o

.text%z54       0x0000000000000000        0x0
 .text          0x0000000000000000        0x0 c:/program files/microchip/xc32/v4.45/bin/bin/../../lib/gcc/pic32c/8.3.1/thumb/v8-m.base/nofp/crtend.o

.text%z55       0x0000000000000000        0x0
 .text          0x0000000000000000        0x0 c:/program files/microchip/xc32/v4.45/bin/bin/../../lib/gcc/pic32c/8.3.1/../../../../pic32c/lib/thumb/v8-m.base/nofp\libc-size-musl.a(memcpy.o)

.text%z56       0x0000000000000000        0x0
 .text          0x0000000000000000        0x0 c:/program files/microchip/xc32/v4.45/bin/bin/../../lib/gcc/pic32c/8.3.1/../../../../pic32c/lib/thumb/v8-m.base/nofp\libc-musl.a(__int_vfprintf.o)

.text%z57       0x0000000000000000        0x0
 .text          0x0000000000000000        0x0 c:/program files/microchip/xc32/v4.45/bin/bin/../../lib/gcc/pic32c/8.3.1/../../../../pic32c/lib/thumb/v8-m.base/nofp\libc-musl.a(__pop_float.o)

.text%z58       0x0000000000000000        0x0
 .text          0x0000000000000000        0x0 c:/program files/microchip/xc32/v4.45/bin/bin/../../lib/gcc/pic32c/8.3.1/../../../../pic32c/lib/thumb/v8-m.base/nofp\libc-musl.a(__int_vsnprintf.o)

.text%z59       0x0000000000000000        0x0
 .text          0x0000000000000000        0x0 c:/program files/microchip/xc32/v4.45/bin/bin/../../lib/gcc/pic32c/8.3.1/../../../../pic32c/lib/thumb/v8-m.base/nofp\libc-musl.a(__errno_location.o)

.text%z60       0x0000000000000000        0x0
 .text          0x0000000000000000        0x0 c:/program files/microchip/xc32/v4.45/bin/bin/../../lib/gcc/pic32c/8.3.1/../../../../pic32c/lib/thumb/v8-m.base/nofp\libc-musl.a(__environ.o)

.text%z61       0x0000000000000000        0x0
 .text          0x0000000000000000        0x0 c:/program files/microchip/xc32/v4.45/bin/bin/../../lib/gcc/pic32c/8.3.1/../../../../pic32c/lib/thumb/v8-m.base/nofp\libc-musl.a(toupper.o)

.text%z62       0x0000000000000000        0x0
 .text          0x0000000000000000        0x0 c:/program files/microchip/xc32/v4.45/bin/bin/../../lib/gcc/pic32c/8.3.1/../../../../pic32c/lib/thumb/v8-m.base/nofp\libc-musl.a(tolower.o)

.text%z63       0x0000000000000000        0x0
 .text          0x0000000000000000        0x0 c:/program files/microchip/xc32/v4.45/bin/bin/../../lib/gcc/pic32c/8.3.1/../../../../pic32c/lib/thumb/v8-m.base/nofp\libc-musl.a(atoi.o)

.text%z64       0x0000000000000000        0x0
 .text          0x0000000000000000        0x0 c:/program files/microchip/xc32/v4.45/bin/bin/../../lib/gcc/pic32c/8.3.1/../../../../pic32c/lib/thumb/v8-m.base/nofp\libc-musl.a(__printf_core.o)

.text%z65       0x0000000000000000        0x0
 .text          0x0000000000000000        0x0 c:/program files/microchip/xc32/v4.45/bin/bin/../../lib/gcc/pic32c/8.3.1/../../../../pic32c/lib/thumb/v8-m.base/nofp\libc-musl.a(__pop_ptr.o)

.text%z66       0x0000000000000000        0x0
 .text          0x0000000000000000        0x0 c:/program files/microchip/xc32/v4.45/bin/bin/../../lib/gcc/pic32c/8.3.1/../../../../pic32c/lib/thumb/v8-m.base/nofp\libc-musl.a(__pop_int.o)

.text%z67       0x0000000000000000        0x0
 .text          0x0000000000000000        0x0 c:/program files/microchip/xc32/v4.45/bin/bin/../../lib/gcc/pic32c/8.3.1/../../../../pic32c/lib/thumb/v8-m.base/nofp\libc-musl.a(__fmt_x.o)

.text%z68       0x0000000000000000        0x0
 .text          0x0000000000000000        0x0 c:/program files/microchip/xc32/v4.45/bin/bin/../../lib/gcc/pic32c/8.3.1/../../../../pic32c/lib/thumb/v8-m.base/nofp\libc-musl.a(__sio_snprintf_npxX.o)

.text%z69       0x0000000000000000        0x0
 .text          0x0000000000000000        0x0 c:/program files/microchip/xc32/v4.45/bin/bin/../../lib/gcc/pic32c/8.3.1/../../../../pic32c/lib/thumb/v8-m.base/nofp\libc-musl.a(libc.o)

.text%z70       0x0000000000000000        0x0
 .text          0x0000000000000000        0x0 c:/program files/microchip/xc32/v4.45/bin/bin/../../lib/gcc/pic32c/8.3.1/../../../../pic32c/lib/thumb/v8-m.base/nofp\libc-musl.a(__libc_start_main.o)

.text%z71       0x0000000000000000        0x0
 .text          0x0000000000000000        0x0 c:/program files/microchip/xc32/v4.45/bin/bin/../../lib/gcc/pic32c/8.3.1/../../../../pic32c/lib/thumb/v8-m.base/nofp\libc-size-musl.a(strlen.o)

.text%z72       0x0000000000000000        0x0
 .text          0x0000000000000000        0x0 c:/program files/microchip/xc32/v4.45/bin/bin/../../lib/gcc/pic32c/8.3.1/../../../../pic32c/lib/thumb/v8-m.base/nofp\libc-size-musl.a(memset.o)

.text%z73       0x0000000000000000        0x0
 .text          0x0000000000000000        0x0 c:/program files/microchip/xc32/v4.45/bin/bin/../../lib/gcc/pic32c/8.3.1/../../../../pic32c/lib/thumb/v8-m.base/nofp\libpic32c.a(data_init.o)

.text%z74       0x0000000000000000        0x0